Component: ARM Compiler 5.06 update 6 (build 750) Tool: armlink [4d35ed]

==============================================================================

Section Cross References

    system_stm32f0xx.o(i.SystemCoreClockUpdate) refers to aeabi_sdiv.o(.text) for __aeabi_uidivmod
    system_stm32f0xx.o(i.SystemCoreClockUpdate) refers to system_stm32f0xx.o(.data) for SystemCoreClock
    system_stm32f0xx.o(i.SystemInit) refers to system_stm32f0xx.o(i.SetSysClock) for SetSysClock
    startup_stm32f030.o(STACK) refers (Special) to heapauxi.o(.text) for __use_two_region_memory
    startup_stm32f030.o(HEAP) refers (Special) to heapauxi.o(.text) for __use_two_region_memory
    startup_stm32f030.o(RESET) refers (Special) to heapauxi.o(.text) for __use_two_region_memory
    startup_stm32f030.o(RESET) refers to startup_stm32f030.o(STACK) for __initial_sp
    startup_stm32f030.o(RESET) refers to startup_stm32f030.o(.text) for Reset_Handler
    startup_stm32f030.o(RESET) refers to stm32f0xx_it.o(i.NMI_Handler) for NMI_Handler
    startup_stm32f030.o(RESET) refers to stm32f0xx_it.o(i.HardFault_Handler) for HardFault_Handler
    startup_stm32f030.o(RESET) refers to stm32f0xx_it.o(i.SVC_Handler) for SVC_Handler
    startup_stm32f030.o(RESET) refers to stm32f0xx_it.o(i.PendSV_Handler) for PendSV_Handler
    startup_stm32f030.o(RESET) refers to stm32f0xx_it.o(i.SysTick_Handler) for SysTick_Handler
    startup_stm32f030.o(RESET) refers to stm32f0xx_it.o(i.TIM1_CC_IRQHandler) for TIM1_CC_IRQHandler
    startup_stm32f030.o(.text) refers (Special) to heapauxi.o(.text) for __use_two_region_memory
    startup_stm32f030.o(.text) refers to startup_stm32f030.o(STACK) for __initial_sp
    startup_stm32f030.o(.text) refers to system_stm32f0xx.o(i.SystemInit) for SystemInit
    startup_stm32f030.o(.text) refers to __main.o(!!!main) for __main
    startup_stm32f030.o(.text) refers to startup_stm32f030.o(HEAP) for Heap_Mem
    stm32f0xx_it.o(i.SysTick_Handler) refers to bsp.o(.bss) for bspdata
    stm32f0xx_it.o(i.TIM1_CC_IRQHandler) refers to stm32f0xx_tim.o(i.TIM_GetITStatus) for TIM_GetITStatus
    stm32f0xx_it.o(i.TIM1_CC_IRQHandler) refers to stm32f0xx_tim.o(i.TIM_ClearITPendingBit) for TIM_ClearITPendingBit
    stm32f0xx_it.o(i.TIM1_CC_IRQHandler) refers to main.o(.data) for BlackMark
    lx12864b_driver.o(i.LCD7565_FullFill) refers to lx12864b_driver.o(i.ST7565_Write) for ST7565_Write
    lx12864b_driver.o(i.LCD_Init) refers to stm32f0xx_gpio.o(i.GPIO_SetBits) for GPIO_SetBits
    lx12864b_driver.o(i.LCD_Init) refers to stm32f0xx_gpio.o(i.GPIO_ResetBits) for GPIO_ResetBits
    lx12864b_driver.o(i.LCD_Init) refers to bsp.o(i.bsp_delayms) for bsp_delayms
    lx12864b_driver.o(i.LCD_Init) refers to lx12864b_driver.o(i.ST7565_Write) for ST7565_Write
    lx12864b_driver.o(i.LCD_Init) refers to lx12864b_driver.o(i.LCD7565_FullFill) for LCD7565_FullFill
    lx12864b_driver.o(i.LcmPutBlackChar) refers to lx12864b_driver.o(i.writec) for writec
    lx12864b_driver.o(i.LcmPutBlackChar) refers to lx12864b_driver.o(i.writed) for writed
    lx12864b_driver.o(i.LcmPutBlackChar) refers to lx12864b_driver.o(.data) for ComTable
    lx12864b_driver.o(i.LcmPutBmp) refers to lx12864b_driver.o(i.writec) for writec
    lx12864b_driver.o(i.LcmPutBmp) refers to lx12864b_driver.o(i.writed) for writed
    lx12864b_driver.o(i.LcmPutBmp) refers to lx12864b_driver.o(.data) for ComTable
    lx12864b_driver.o(i.LcmPutChar) refers to lx12864b_driver.o(i.writec) for writec
    lx12864b_driver.o(i.LcmPutChar) refers to lx12864b_driver.o(i.writed) for writed
    lx12864b_driver.o(i.LcmPutChar) refers to lx12864b_driver.o(.data) for ComTable
    lx12864b_driver.o(i.LcmPutChineseBlackChar) refers to lx12864b_driver.o(i.writec) for writec
    lx12864b_driver.o(i.LcmPutChineseBlackChar) refers to lx12864b_driver.o(i.writed) for writed
    lx12864b_driver.o(i.LcmPutChineseBlackChar) refers to lx12864b_driver.o(.data) for ComTable
    lx12864b_driver.o(i.LcmPutChineseChar) refers to lx12864b_driver.o(i.writec) for writec
    lx12864b_driver.o(i.LcmPutChineseChar) refers to lx12864b_driver.o(i.writed) for writed
    lx12864b_driver.o(i.LcmPutChineseChar) refers to lx12864b_driver.o(.data) for ComTable
    lx12864b_driver.o(i.LcmPutChineseStr) refers to lx12864b_driver.o(i.LcmPutChineseBlackChar) for LcmPutChineseBlackChar
    lx12864b_driver.o(i.LcmPutChineseStr) refers to lx12864b_driver.o(i.LcmPutChineseChar) for LcmPutChineseChar
    lx12864b_driver.o(i.LcmPutChineseTurnChar) refers to lx12864b_driver.o(i.LcmPutChineseBlackChar) for LcmPutChineseBlackChar
    lx12864b_driver.o(i.LcmPutChineseTurnChar) refers to lx12864b_driver.o(i.LcmPutChineseChar) for LcmPutChineseChar
    lx12864b_driver.o(i.LcmPutNum) refers to aeabi_sdiv.o(.text) for __aeabi_idivmod
    lx12864b_driver.o(i.LcmPutNum) refers to lx12864b_driver.o(i.LcmPutChar) for LcmPutChar
    lx12864b_driver.o(i.LcmPutNum2) refers to aeabi_sdiv.o(.text) for __aeabi_uidivmod
[...]
    libshutdown.o(.ARM.Collect$$libshutdown$$00000000) refers (Special) to libshutdown2.o(.ARM.Collect$$libshutdown$$0000000A) for __rt_lib_shutdown_signal_1
    libshutdown.o(.ARM.Collect$$libshutdown$$00000000) refers (Special) to libshutdown2.o(.ARM.Collect$$libshutdown$$00000004) for __rt_lib_shutdown_stdio_1
    libshutdown.o(.ARM.Collect$$libshutdown$$00000000) refers (Special) to libshutdown2.o(.ARM.Collect$$libshutdown$$0000000C) for __rt_lib_shutdown_user_alloc_1
    sys_command.o(.text) refers (Special) to use_no_semi.o(.text) for __I$use$semihosting
    sys_command.o(.text) refers (Special) to indicate_semi.o(.text) for __semihosting_library_function
    defsig_abrt_inner.o(.text) refers to defsig_general.o(.text) for __default_signal_display
    defsig_rtred_inner.o(.text) refers to defsig_general.o(.text) for __default_signal_display
    defsig_rtmem_inner.o(.text) refers to defsig_general.o(.text) for __default_signal_display
    defsig_rtmem_outer.o(.text) refers to defsig_rtmem_inner.o(.text) for __rt_SIGRTMEM_inner
    defsig_rtmem_outer.o(.text) refers to defsig_exit.o(.text) for __sig_exit
    defsig_rtmem_formal.o(.text) refers to rt_raise.o(.text) for __rt_raise
    defsig_stak_inner.o(.text) refers to defsig_general.o(.text) for __default_signal_display
    defsig_pvfn_inner.o(.text) refers to defsig_general.o(.text) for __default_signal_display
    defsig_cppl_inner.o(.text) refers to defsig_general.o(.text) for __default_signal_display
    defsig_segv_inner.o(.text) refers to defsig_general.o(.text) for __default_signal_display
    defsig_other.o(.text) refers to defsig_general.o(.text) for __default_signal_display


==============================================================================

Removing Unused input sections from the image.

    Removing system_stm32f0xx.o(.rev16_text), (4 bytes).
    Removing system_stm32f0xx.o(.revsh_text), (4 bytes).
    Removing system_stm32f0xx.o(i.SystemCoreClockUpdate), (176 bytes).
    Removing stm32f0xx_it.o(.rev16_text), (4 bytes).
    Removing stm32f0xx_it.o(.revsh_text), (4 bytes).
    Removing lx12864b_driver.o(.rev16_text), (4 bytes).
    Removing lx12864b_driver.o(.revsh_text), (4 bytes).
    Removing lx12864b_driver.o(i.LcmPutBmp), (72 bytes).
    Removing lx12864b_driver.o(i.LcmPutStr), (54 bytes).
    Removing lx12864b_driver.o(i.LcmPutTime), (126 bytes).
    Removing lx12864b_driver.o(i.displaychar), (62 bytes).
    Removing electronicscaledriver.o(.rev16_text), (4 bytes).
    Removing electronicscaledriver.o(.revsh_text), (4 bytes).
    Removing stm32f0xx_rcc.o(.rev16_text), (4 bytes).
    Removing stm32f0xx_rcc.o(.revsh_text), (4 bytes).
    Removing stm32f0xx_rcc.o(i.RCC_ADCCLKConfig), (56 bytes).
    Removing stm32f0xx_rcc.o(i.RCC_AHBPeriphResetCmd), (32 bytes).
    Removing stm32f0xx_rcc.o(i.RCC_APB1PeriphResetCmd), (32 bytes).
    Removing stm32f0xx_rcc.o(i.RCC_APB2PeriphResetCmd), (32 bytes).
    Removing stm32f0xx_rcc.o(i.RCC_AdjustHSI14CalibrationValue), (32 bytes).
    Removing stm32f0xx_rcc.o(i.RCC_AdjustHSICalibrationValue), (32 bytes).
    Removing stm32f0xx_rcc.o(i.RCC_BackupResetCmd), (40 bytes).
    Removing stm32f0xx_rcc.o(i.RCC_CECCLKConfig), (28 bytes).
    Removing stm32f0xx_rcc.o(i.RCC_ClearFlag), (20 bytes).
    Removing stm32f0xx_rcc.o(i.RCC_ClearITPendingBit), (12 bytes).
    Removing stm32f0xx_rcc.o(i.RCC_ClockSecuritySystemCmd), (40 bytes).
    Removing stm32f0xx_rcc.o(i.RCC_DeInit), (120 bytes).
    Removing stm32f0xx_rcc.o(i.RCC_GetClocksFreq), (584 bytes).
    Removing stm32f0xx_rcc.o(i.RCC_GetFlagStatus), (72 bytes).
    Removing stm32f0xx_rcc.o(i.RCC_GetITStatus), (28 bytes).
    Removing stm32f0xx_rcc.o(i.RCC_GetSYSCLKSource), (16 bytes).
    Removing stm32f0xx_rcc.o(i.RCC_HCLKConfig), (32 bytes).
    Removing stm32f0xx_rcc.o(i.RCC_HSEConfig), (16 bytes).
    Removing stm32f0xx_rcc.o(i.RCC_HSI14ADCRequestCmd), (36 bytes).
    Removing stm32f0xx_rcc.o(i.RCC_HSI14Cmd), (36 bytes).
    Removing stm32f0xx_rcc.o(i.RCC_HSI48Cmd), (40 bytes).
    Removing stm32f0xx_rcc.o(i.RCC_HSICmd), (36 bytes).
    Removing stm32f0xx_rcc.o(i.RCC_I2CCLKConfig), (28 bytes).
    Removing stm32f0xx_rcc.o(i.RCC_ITConfig), (32 bytes).
    Removing stm32f0xx_rcc.o(i.RCC_LSEConfig), (40 bytes).
    Removing stm32f0xx_rcc.o(i.RCC_LSEDriveConfig), (28 bytes).
    Removing stm32f0xx_rcc.o(i.RCC_LSICmd), (36 bytes).
    Removing stm32f0xx_rcc.o(i.RCC_MCOConfig), (28 bytes).
    Removing stm32f0xx_rcc.o(i.RCC_PCLKConfig), (36 bytes).
    Removing stm32f0xx_rcc.o(i.RCC_PLLCmd), (40 bytes).
    Removing stm32f0xx_rcc.o(i.RCC_PLLConfig), (36 bytes).
    Removing stm32f0xx_rcc.o(i.RCC_PREDIV1Config), (28 bytes).
    Removing stm32f0xx_rcc.o(i.RCC_RTCCLKCmd), (40 bytes).
    Removing stm32f0xx_rcc.o(i.RCC_RTCCLKConfig), (16 bytes).
    Removing stm32f0xx_rcc.o(i.RCC_SYSCLKConfig), (28 bytes).
    Removing stm32f0xx_rcc.o(i.RCC_USARTCLKConfig), (72 bytes).
    Removing stm32f0xx_rcc.o(i.RCC_USBCLKConfig), (28 bytes).
    Removing stm32f0xx_rcc.o(i.RCC_WaitForHSEStartUp), (60 bytes).
    Removing stm32f0xx_rcc.o(.data), (16 bytes).
    Removing stm32f0xx_syscfg.o(.rev16_text), (4 bytes).
    Removing stm32f0xx_syscfg.o(.revsh_text), (4 bytes).
    Removing stm32f0xx_syscfg.o(i.SYSCFG_BreakConfig), (16 bytes).
    Removing stm32f0xx_syscfg.o(i.SYSCFG_ClearFlag), (16 bytes).
    Removing stm32f0xx_syscfg.o(i.SYSCFG_DMAChannelRemapConfig), (32 bytes).
    Removing stm32f0xx_syscfg.o(i.SYSCFG_DeInit), (44 bytes).
    Removing stm32f0xx_syscfg.o(i.SYSCFG_EXTILineConfig), (64 bytes).
    Removing stm32f0xx_syscfg.o(i.SYSCFG_GetFlagStatus), (32 bytes).
    Removing stm32f0xx_syscfg.o(i.SYSCFG_GetPendingIT), (24 bytes).
    Removing stm32f0xx_syscfg.o(i.SYSCFG_I2CFastModePlusConfig), (32 bytes).
    Removing stm32f0xx_syscfg.o(i.SYSCFG_IRDAEnvSelection), (28 bytes).
    Removing stm32f0xx_syscfg.o(i.SYSCFG_MemoryRemapConfig), (28 bytes).
    Removing stm32f0xx_usart.o(.rev16_text), (4 bytes).
    Removing stm32f0xx_usart.o(.revsh_text), (4 bytes).
    Removing stm32f0xx_usart.o(i.USART_AddressDetectionConfig), (16 bytes).
    Removing stm32f0xx_usart.o(i.USART_AutoBaudRateCmd), (28 bytes).
    Removing stm32f0xx_usart.o(i.USART_AutoBaudRateConfig), (18 bytes).
    Removing stm32f0xx_usart.o(i.USART_ClearFlag), (4 bytes).
    Removing stm32f0xx_usart.o(i.USART_ClearITPendingBit), (18 bytes).
    Removing stm32f0xx_usart.o(i.USART_ClockInit), (36 bytes).
    Removing stm32f0xx_usart.o(i.USART_ClockStructInit), (12 bytes).
    Removing stm32f0xx_usart.o(i.USART_Cmd), (24 bytes).
    Removing stm32f0xx_usart.o(i.USART_DECmd), (28 bytes).
    Removing stm32f0xx_usart.o(i.USART_DEPolarityConfig), (18 bytes).
    Removing stm32f0xx_usart.o(i.USART_DMACmd), (20 bytes).
    Removing stm32f0xx_usart.o(i.USART_DMAReceptionErrorConfig), (18 bytes).
    Removing stm32f0xx_usart.o(i.USART_DataInvCmd), (28 bytes).
    Removing stm32f0xx_usart.o(i.USART_DeInit), (240 bytes).
    Removing stm32f0xx_usart.o(i.USART_DirectionModeCmd), (20 bytes).
    Removing stm32f0xx_usart.o(i.USART_GetFlagStatus), (20 bytes).
    Removing stm32f0xx_usart.o(i.USART_GetITStatus), (78 bytes).
    Removing stm32f0xx_usart.o(i.USART_HalfDuplexCmd), (24 bytes).
    Removing stm32f0xx_usart.o(i.USART_ITConfig), (66 bytes).
    Removing stm32f0xx_usart.o(i.USART_Init), (248 bytes).
    Removing stm32f0xx_usart.o(i.USART_InvPinCmd), (20 bytes).
    Removing stm32f0xx_usart.o(i.USART_IrDACmd), (24 bytes).
    Removing stm32f0xx_usart.o(i.USART_IrDAConfig), (16 bytes).
    Removing stm32f0xx_usart.o(i.USART_LINBreakDetectLengthConfig), (16 bytes).
    Removing stm32f0xx_usart.o(i.USART_LINCmd), (28 bytes).
    Removing stm32f0xx_usart.o(i.USART_MSBFirstCmd), (28 bytes).
    Removing stm32f0xx_usart.o(i.USART_MuteModeCmd), (28 bytes).
    Removing stm32f0xx_usart.o(i.USART_MuteModeWakeUpConfig), (18 bytes).
    Removing stm32f0xx_usart.o(i.USART_OneBitMethodCmd), (28 bytes).
    Removing stm32f0xx_usart.o(i.USART_OverSampling8Cmd), (28 bytes).
    Removing stm32f0xx_usart.o(i.USART_OverrunDetectionConfig), (18 bytes).
    Removing stm32f0xx_usart.o(i.USART_ReceiveData), (10 bytes).
    Removing stm32f0xx_usart.o(i.USART_ReceiverTimeOutCmd), (28 bytes).
    Removing stm32f0xx_usart.o(i.USART_RequestCmd), (20 bytes).
    Removing stm32f0xx_usart.o(i.USART_STOPModeCmd), (24 bytes).
    Removing stm32f0xx_usart.o(i.USART_SWAPPinCmd), (28 bytes).
    Removing stm32f0xx_usart.o(i.USART_SendData), (8 bytes).
    Removing stm32f0xx_usart.o(i.USART_SetAddress), (18 bytes).
    Removing stm32f0xx_usart.o(i.USART_SetAutoRetryCount), (20 bytes).
    Removing stm32f0xx_usart.o(i.USART_SetBlockLength), (18 bytes).
    Removing stm32f0xx_usart.o(i.USART_SetDEAssertionTime), (20 bytes).
    Removing stm32f0xx_usart.o(i.USART_SetDEDeassertionTime), (20 bytes).
    Removing stm32f0xx_usart.o(i.USART_SetGuardTime), (16 bytes).
    Removing stm32f0xx_usart.o(i.USART_SetPrescaler), (18 bytes).
    Removing stm32f0xx_usart.o(i.USART_SetReceiverTimeOut), (16 bytes).
    Removing stm32f0xx_usart.o(i.USART_SmartCardCmd), (24 bytes).
    Removing stm32f0xx_usart.o(i.USART_SmartCardNACKCmd), (24 bytes).
    Removing stm32f0xx_usart.o(i.USART_StopModeWakeUpSourceConfig), (18 bytes).
    Removing stm32f0xx_usart.o(i.USART_StructInit), (24 bytes).
    Removing stm32f0xx_gpio.o(.rev16_text), (4 bytes).
    Removing stm32f0xx_gpio.o(.revsh_text), (4 bytes).
    Removing stm32f0xx_gpio.o(i.GPIO_DeInit), (176 bytes).
    Removing stm32f0xx_gpio.o(i.GPIO_PinLockConfig), (34 bytes).
    Removing stm32f0xx_gpio.o(i.GPIO_ReadInputData), (6 bytes).
    Removing stm32f0xx_gpio.o(i.GPIO_ReadOutputData), (6 bytes).
    Removing stm32f0xx_gpio.o(i.GPIO_ReadOutputDataBit), (20 bytes).
    Removing stm32f0xx_gpio.o(i.GPIO_StructInit), (24 bytes).
    Removing stm32f0xx_gpio.o(i.GPIO_Write), (4 bytes).
    Removing stm32f0xx_dma.o(.rev16_text), (4 bytes).
    Removing stm32f0xx_dma.o(.revsh_text), (4 bytes).
    Removing stm32f0xx_dma.o(i.DMA_ClearFlag), (32 bytes).
    Removing stm32f0xx_dma.o(i.DMA_ClearITPendingBit), (32 bytes).
    Removing stm32f0xx_dma.o(i.DMA_Cmd), (28 bytes).
    Removing stm32f0xx_dma.o(i.DMA_DeInit), (356 bytes).
    Removing stm32f0xx_dma.o(i.DMA_GetCurrDataCounter), (8 bytes).
    Removing stm32f0xx_dma.o(i.DMA_GetFlagStatus), (52 bytes).
    Removing stm32f0xx_dma.o(i.DMA_GetITStatus), (52 bytes).
    Removing stm32f0xx_dma.o(i.DMA_ITConfig), (20 bytes).
    Removing stm32f0xx_dma.o(i.DMA_Init), (64 bytes).
    Removing stm32f0xx_dma.o(i.DMA_RemapConfig), (52 bytes).
    Removing stm32f0xx_dma.o(i.DMA_SetCurrDataCounter), (4 bytes).
    Removing stm32f0xx_dma.o(i.DMA_StructInit), (26 bytes).
    Removing stm32f0xx_misc.o(.rev16_text), (4 bytes).
    Removing stm32f0xx_misc.o(.revsh_text), (4 bytes).
    Removing stm32f0xx_misc.o(i.NVIC_SystemLPConfig), (32 bytes).
    Removing stm32f0xx_misc.o(i.SysTick_CLKSourceConfig), (36 bytes).
    Removing stm32f0xx_tim.o(.rev16_text), (4 bytes).
    Removing stm32f0xx_tim.o(.revsh_text), (4 bytes).
    Removing stm32f0xx_tim.o(i.TI1_Config), (56 bytes).
    Removing stm32f0xx_tim.o(i.TI2_Config), (76 bytes).
    Removing stm32f0xx_tim.o(i.TI3_Config), (72 bytes).
    Removing stm32f0xx_tim.o(i.TI4_Config), (80 bytes).
    Removing stm32f0xx_tim.o(i.TIM_BDTRConfig), (32 bytes).
    Removing stm32f0xx_tim.o(i.TIM_BDTRStructInit), (18 bytes).
    Removing stm32f0xx_tim.o(i.TIM_CCPreloadControl), (28 bytes).
    Removing stm32f0xx_tim.o(i.TIM_CCxCmd), (30 bytes).
    Removing stm32f0xx_tim.o(i.TIM_CCxNCmd), (30 bytes).
    Removing stm32f0xx_tim.o(i.TIM_ClearFlag), (6 bytes).
    Removing stm32f0xx_tim.o(i.TIM_ClearOC1Ref), (24 bytes).
    Removing stm32f0xx_tim.o(i.TIM_ClearOC2Ref), (20 bytes).
    Removing stm32f0xx_tim.o(i.TIM_ClearOC3Ref), (24 bytes).
    Removing stm32f0xx_tim.o(i.TIM_ClearOC4Ref), (20 bytes).
    Removing stm32f0xx_tim.o(i.TIM_CounterModeConfig), (24 bytes).
    Removing stm32f0xx_tim.o(i.TIM_CtrlPWMOutputs), (34 bytes).
    Removing stm32f0xx_tim.o(i.TIM_DMACmd), (20 bytes).
    Removing stm32f0xx_tim.o(i.TIM_DMAConfig), (12 bytes).
    Removing stm32f0xx_tim.o(i.TIM_DeInit), (260 bytes).
    Removing stm32f0xx_tim.o(i.TIM_ETRClockMode1Config), (52 bytes).
    Removing stm32f0xx_tim.o(i.TIM_ETRClockMode2Config), (34 bytes).
    Removing stm32f0xx_tim.o(i.TIM_ETRConfig), (24 bytes).
    Removing stm32f0xx_tim.o(i.TIM_EncoderInterfaceConfig), (68 bytes).
    Removing stm32f0xx_tim.o(i.TIM_ForcedOC1Config), (24 bytes).
    Removing stm32f0xx_tim.o(i.TIM_ForcedOC2Config), (24 bytes).
    Removing stm32f0xx_tim.o(i.TIM_ForcedOC3Config), (24 bytes).
    Removing stm32f0xx_tim.o(i.TIM_ForcedOC4Config), (24 bytes).
    Removing stm32f0xx_tim.o(i.TIM_GenerateEvent), (4 bytes).
    Removing stm32f0xx_tim.o(i.TIM_GetCapture1), (6 bytes).
    Removing stm32f0xx_tim.o(i.TIM_GetCapture2), (6 bytes).
    Removing stm32f0xx_tim.o(i.TIM_GetCapture3), (6 bytes).
    Removing stm32f0xx_tim.o(i.TIM_GetCapture4), (6 bytes).
    Removing stm32f0xx_tim.o(i.TIM_GetCounter), (6 bytes).
    Removing stm32f0xx_tim.o(i.TIM_GetFlagStatus), (20 bytes).
    Removing stm32f0xx_tim.o(i.TIM_GetPrescaler), (6 bytes).
    Removing stm32f0xx_tim.o(i.TIM_ICInit), (112 bytes).
    Removing stm32f0xx_tim.o(i.TIM_ICStructInit), (18 bytes).
    Removing stm32f0xx_tim.o(i.TIM_ITRxExternalClockConfig), (24 bytes).
    Removing stm32f0xx_tim.o(i.TIM_InternalClockConfig), (16 bytes).
    Removing stm32f0xx_tim.o(i.TIM_OC1FastConfig), (24 bytes).
    Removing stm32f0xx_tim.o(i.TIM_OC1NPolarityConfig), (24 bytes).
    Removing stm32f0xx_tim.o(i.TIM_OC1PolarityConfig), (24 bytes).
    Removing stm32f0xx_tim.o(i.TIM_OC2FastConfig), (24 bytes).
    Removing stm32f0xx_tim.o(i.TIM_OC2Init), (172 bytes).
    Removing stm32f0xx_tim.o(i.TIM_OC2NPolarityConfig), (24 bytes).
    Removing stm32f0xx_tim.o(i.TIM_OC2PolarityConfig), (24 bytes).
    Removing stm32f0xx_tim.o(i.TIM_OC2PreloadConfig), (24 bytes).
    Removing stm32f0xx_tim.o(i.TIM_OC3FastConfig), (24 bytes).
    Removing stm32f0xx_tim.o(i.TIM_OC3NPolarityConfig), (24 bytes).
    Removing stm32f0xx_tim.o(i.TIM_OC3PolarityConfig), (24 bytes).
    Removing stm32f0xx_tim.o(i.TIM_OC3PreloadConfig), (24 bytes).
    Removing stm32f0xx_tim.o(i.TIM_OC4FastConfig), (24 bytes).
    Removing stm32f0xx_tim.o(i.TIM_OC4PolarityConfig), (24 bytes).
    Removing stm32f0xx_tim.o(i.TIM_OC4PreloadConfig), (24 bytes).
    Removing stm32f0xx_tim.o(i.TIM_OCStructInit), (20 bytes).
    Removing stm32f0xx_tim.o(i.TIM_PWMIConfig), (124 bytes).
    Removing stm32f0xx_tim.o(i.TIM_PrescalerConfig), (6 bytes).
    Removing stm32f0xx_tim.o(i.TIM_RemapConfig), (6 bytes).
    Removing stm32f0xx_tim.o(i.TIM_SelectCCDMA), (28 bytes).
    Removing stm32f0xx_tim.o(i.TIM_SelectCOM), (28 bytes).
    Removing stm32f0xx_tim.o(i.TIM_SelectHallSensor), (28 bytes).
    Removing stm32f0xx_tim.o(i.TIM_SelectInputTrigger), (24 bytes).
    Removing stm32f0xx_tim.o(i.TIM_SelectMasterSlaveMode), (20 bytes).
    Removing stm32f0xx_tim.o(i.TIM_SelectOCREFClear), (20 bytes).
    Removing stm32f0xx_tim.o(i.TIM_SelectOCxM), (82 bytes).
    Removing stm32f0xx_tim.o(i.TIM_SelectOnePulseMode), (20 bytes).
    Removing stm32f0xx_tim.o(i.TIM_SelectOutputTrigger), (20 bytes).
    Removing stm32f0xx_tim.o(i.TIM_SelectSlaveMode), (20 bytes).
    Removing stm32f0xx_tim.o(i.TIM_SetAutoreload), (4 bytes).
    Removing stm32f0xx_tim.o(i.TIM_SetClockDivision), (20 bytes).
    Removing stm32f0xx_tim.o(i.TIM_SetCompare1), (4 bytes).
    Removing stm32f0xx_tim.o(i.TIM_SetCompare2), (4 bytes).
    Removing stm32f0xx_tim.o(i.TIM_SetCounter), (4 bytes).
    Removing stm32f0xx_tim.o(i.TIM_SetIC1Prescaler), (20 bytes).
    Removing stm32f0xx_tim.o(i.TIM_SetIC2Prescaler), (24 bytes).
    Removing stm32f0xx_tim.o(i.TIM_SetIC3Prescaler), (20 bytes).
    Removing stm32f0xx_tim.o(i.TIM_SetIC4Prescaler), (24 bytes).
    Removing stm32f0xx_tim.o(i.TIM_TIxExternalClockConfig), (58 bytes).
    Removing stm32f0xx_tim.o(i.TIM_TimeBaseStructInit), (18 bytes).
    Removing stm32f0xx_tim.o(i.TIM_UpdateDisableConfig), (28 bytes).
    Removing stm32f0xx_tim.o(i.TIM_UpdateRequestConfig), (28 bytes).
    Removing stm32f0xx_flash.o(.rev16_text), (4 bytes).
    Removing stm32f0xx_flash.o(.revsh_text), (4 bytes).
    Removing stm32f0xx_flash.o(i.FLASH_EraseAllPages), (72 bytes).
    Removing stm32f0xx_flash.o(i.FLASH_GetFlagStatus), (28 bytes).
    Removing stm32f0xx_flash.o(i.FLASH_GetPrefetchBufferStatus), (28 bytes).
    Removing stm32f0xx_flash.o(i.FLASH_ITConfig), (32 bytes).
    Removing stm32f0xx_flash.o(i.FLASH_OB_BOOT0Config), (80 bytes).
    Removing stm32f0xx_flash.o(i.FLASH_OB_BOOT0SWConfig), (80 bytes).
    Removing stm32f0xx_flash.o(i.FLASH_OB_BOOTConfig), (80 bytes).
    Removing stm32f0xx_flash.o(i.FLASH_OB_EnableWRP), (184 bytes).
    Removing stm32f0xx_flash.o(i.FLASH_OB_Erase), (152 bytes).
    Removing stm32f0xx_flash.o(i.FLASH_OB_GetRDP), (28 bytes).
    Removing stm32f0xx_flash.o(i.FLASH_OB_GetUser), (16 bytes).
    Removing stm32f0xx_flash.o(i.FLASH_OB_GetWRP), (12 bytes).
    Removing stm32f0xx_flash.o(i.FLASH_OB_Launch), (20 bytes).
    Removing stm32f0xx_flash.o(i.FLASH_OB_Lock), (20 bytes).
    Removing stm32f0xx_flash.o(i.FLASH_OB_ProgramData), (72 bytes).
    Removing stm32f0xx_flash.o(i.FLASH_OB_RDPConfig), (144 bytes).
    Removing stm32f0xx_flash.o(i.FLASH_OB_SRAMParityConfig), (80 bytes).
    Removing stm32f0xx_flash.o(i.FLASH_OB_Unlock), (40 bytes).
    Removing stm32f0xx_flash.o(i.FLASH_OB_UserConfig), (88 bytes).
    Removing stm32f0xx_flash.o(i.FLASH_OB_VDDAConfig), (80 bytes).
    Removing stm32f0xx_flash.o(i.FLASH_OB_WriteUser), (76 bytes).
    Removing stm32f0xx_flash.o(i.FLASH_PrefetchBufferCmd), (36 bytes).
    Removing stm32f0xx_flash.o(i.FLASH_ProgramHalfWord), (68 bytes).
    Removing stm32f0xx_flash.o(i.FLASH_SetLatency), (28 bytes).
    Removing main.o(.rev16_text), (4 bytes).
    Removing main.o(.revsh_text), (4 bytes).
    Removing bsp.o(.rev16_text), (4 bytes).
    Removing bsp.o(.revsh_text), (4 bytes).

257 unused section(s) (total 9640 bytes) removed from the image.

==============================================================================

Image Symbol Table

    Local Symbols

    Symbol Name                              Value     Ov Type        Size  Object(Section)

    ../clib/../cmprslib/lz77c.c              0x00000000   Number         0  __dclz77c.o ABSOLUTE
    ../clib/angel/boardlib.s                 0x00000000   Number         0  boardshut.o ABSOLUTE
    ../clib/angel/boardlib.s                 0x00000000   Number         0  boardinit3.o ABSOLUTE
    ../clib/angel/boardlib.s                 0x00000000   Number         0  boardinit2.o ABSOLUTE
    ../clib/angel/boardlib.s                 0x00000000   Number         0  boardinit1.o ABSOLUTE
    ../clib/angel/handlers.s                 0x00000000   Number         0  __scatter_zi.o ABSOLUTE
    ../clib/angel/kernel.s                   0x00000000   Number         0  __rtentry4.o ABSOLUTE
    ../clib/angel/kernel.s                   0x00000000   Number         0  rtexit2.o ABSOLUTE
    ../clib/angel/kernel.s                   0x00000000   Number         0  __rtentry.o ABSOLUTE
    ../clib/angel/kernel.s                   0x00000000   Number         0  rtexit.o ABSOLUTE
    ../clib/angel/kernel.s                   0x00000000   Number         0  __rtentry2.o ABSOLUTE
    ../clib/angel/rt.s                       0x00000000   Number         0  rt_div0.o ABSOLUTE
    ../clib/angel/rt.s                       0x00000000   Number         0  aeabi_idiv0.o ABSOLUTE
    ../clib/angel/rt.s                       0x00000000   Number         0  rt_raise.o ABSOLUTE
    ../clib/angel/rt.s                       0x00000000   Number         0  aeabi_idiv0_sigfpe.o ABSOLUTE
    ../clib/angel/scatterp.s                 0x00000000   Number         0  __scatter.o ABSOLUTE
    ../clib/angel/startup.s                  0x00000000   Number         0  __main.o ABSOLUTE
    ../clib/angel/sys.s                      0x00000000   Number         0  libspace.o ABSOLUTE
    ../clib/angel/sys.s                      0x00000000   Number         0  sys_stackheap_outer.o ABSOLUTE
    ../clib/angel/sys.s                      0x00000000   Number         0  tempstk.o ABSOLUTE
    ../clib/angel/sys.s                      0x00000000   Number         0  use_no_semi.o ABSOLUTE
    ../clib/angel/sys.s                      0x00000000   Number         0  indicate_semi.o ABSOLUTE
    ../clib/angel/sysapp.c                   0x00000000   Number         0  sys_command.o ABSOLUTE
    ../clib/angel/sysapp.c                   0x00000000   Number         0  sys_exit.o ABSOLUTE
    ../clib/angel/sysapp.c                   0x00000000   Number         0  sys_wrch.o ABSOLUTE
    ../clib/armsys.c                         0x00000000   Number         0  no_argv.o ABSOLUTE
    ../clib/armsys.c                         0x00000000   Number         0  argv_veneer.o ABSOLUTE
    ../clib/armsys.c                         0x00000000   Number         0  _get_argv_nomalloc.o ABSOLUTE
    ../clib/division.s                       0x00000000   Number         0  aeabi_sdiv.o ABSOLUTE
    ../clib/division.s                       0x00000000   Number         0  aeabi_sdiv_div0.o ABSOLUTE
    ../clib/heapalloc.c                      0x00000000   Number         0  hrguard.o ABSOLUTE
    ../clib/heapaux.c                        0x00000000   Number         0  heapauxi.o ABSOLUTE
    ../clib/libinit.s                        0x00000000   Number         0  libshutdown.o ABSOLUTE
    ../clib/libinit.s                        0x00000000   Number         0  libinit2.o ABSOLUTE
    ../clib/libinit.s                        0x00000000   Number         0  libinit.o ABSOLUTE
    ../clib/libinit.s                        0x00000000   Number         0  libshutdown2.o ABSOLUTE
    ../clib/signal.c                         0x00000000   Number         0  defsig_rtmem_inner.o ABSOLUTE
    ../clib/signal.c                         0x00000000   Number         0  defsig_rtred_inner.o ABSOLUTE
    ../clib/signal.c                         0x00000000   Number         0  defsig_fpe_formal.o ABSOLUTE
    ../clib/signal.c                         0x00000000   Number         0  defsig_fpe_outer.o ABSOLUTE
    ../clib/signal.c                         0x00000000   Number         0  defsig_abrt_inner.o ABSOLUTE
    ../clib/signal.c                         0x00000000   Number         0  defsig_general.o ABSOLUTE
    ../clib/signal.c                         0x00000000   Number         0  __raise.o ABSOLUTE
    ../clib/signal.c                         0x00000000   Number         0  defsig_fpe_inner.o ABSOLUTE
    ../clib/signal.c                         0x00000000   Number         0  defsig_exit.o ABSOLUTE
    ../clib/signal.c                         0x00000000   Number         0  defsig_other.o ABSOLUTE
    ../clib/signal.c                         0x00000000   Number         0  defsig_segv_inner.o ABSOLUTE
    ../clib/signal.c                         0x00000000   Number         0  defsig_cppl_inner.o ABSOLUTE
    ../clib/signal.c                         0x00000000   Number         0  defsig_pvfn_inner.o ABSOLUTE
    ../clib/signal.c                         0x00000000   Number         0  defsig_stak_inner.o ABSOLUTE
    ../clib/signal.c                         0x00000000   Number         0  defsig_rtmem_formal.o ABSOLUTE
    ../clib/signal.c                         0x00000000   Number         0  defsig_rtmem_outer.o ABSOLUTE
    ../clib/signal.s                         0x00000000   Number         0  defsig.o ABSOLUTE
    ../clib/stdlib.c                         0x00000000   Number         0  exit.o ABSOLUTE
    ../fplib/cfplib/daddsub.c                0x00000000   Number         0  daddsub.o ABSOLUTE
    ../fplib/cfplib/f2d.c                    0x00000000   Number         0  f2d.o ABSOLUTE
    ../fplib/cfplib/fdiv.c                   0x00000000   Number         0  fdiv.o ABSOLUTE
    ../fplib/cfplib/ffix.c                   0x00000000   Number         0  dfixi.o ABSOLUTE
    ../fplib/cfplib/fflt.c                   0x00000000   Number         0  fflti.o ABSOLUTE
    ../fplib/cfplib/fpinit.c                 0x00000000   Number         0  fpinit.o ABSOLUTE
    ../fplib/faddsub6m.s                     0x00000000   Number         0  faddsub.o ABSOLUTE
    ../fplib/usenofp.s                       0x00000000   Number         0  usenofp.o ABSOLUTE
    ..\CMSIS\startup_stm32f030.s             0x00000000   Number         0  startup_stm32f030.o ABSOLUTE
    ..\CMSIS\system_stm32f0xx.c              0x00000000   Number         0  system_stm32f0xx.o ABSOLUTE
    ..\DRIVER\ElectronicScaleDriver.c        0x00000000   Number         0  electronicscaledriver.o ABSOLUTE
    ..\DRIVER\LX12864B_Driver.c              0x00000000   Number         0  lx12864b_driver.o ABSOLUTE
    ..\DRIVER\stm32f0xx_it.c                 0x00000000   Number         0  stm32f0xx_it.o ABSOLUTE
    ..\LIB\src\stm32f0xx_dma.c               0x00000000   Number         0  stm32f0xx_dma.o ABSOLUTE
    ..\LIB\src\stm32f0xx_flash.c             0x00000000   Number         0  stm32f0xx_flash.o ABSOLUTE
    ..\LIB\src\stm32f0xx_gpio.c              0x00000000   Number         0  stm32f0xx_gpio.o ABSOLUTE
    ..\LIB\src\stm32f0xx_misc.c              0x00000000   Number         0  stm32f0xx_misc.o ABSOLUTE
    ..\LIB\src\stm32f0xx_rcc.c               0x00000000   Number         0  stm32f0xx_rcc.o ABSOLUTE
    ..\LIB\src\stm32f0xx_syscfg.c            0x00000000   Number         0  stm32f0xx_syscfg.o ABSOLUTE
    ..\LIB\src\stm32f0xx_tim.c               0x00000000   Number         0  stm32f0xx_tim.o ABSOLUTE
    ..\LIB\src\stm32f0xx_usart.c             0x00000000   Number         0  stm32f0xx_usart.o ABSOLUTE
    ..\USER\BSP.c                            0x00000000   Number         0  bsp.o ABSOLUTE
    ..\USER\main.c                           0x00000000   Number         0  main.o ABSOLUTE
    ..\\CMSIS\\system_stm32f0xx.c            0x00000000   Number         0  system_stm32f0xx.o ABSOLUTE
    ..\\DRIVER\\ElectronicScaleDriver.c      0x00000000   Number         0  electronicscaledriver.o ABSOLUTE
    ..\\DRIVER\\LX12864B_Driver.c            0x00000000   Number         0  lx12864b_driver.o ABSOLUTE
    ..\\DRIVER\\stm32f0xx_it.c               0x00000000   Number         0  stm32f0xx_it.o ABSOLUTE
    ..\\LIB\\src\\stm32f0xx_dma.c            0x00000000   Number         0  stm32f0xx_dma.o ABSOLUTE
    ..\\LIB\\src\\stm32f0xx_flash.c          0x00000000   Number         0  stm32f0xx_flash.o ABSOLUTE
    ..\\LIB\\src\\stm32f0xx_gpio.c           0x00000000   Number         0  stm32f0xx_gpio.o ABSOLUTE
    ..\\LIB\\src\\stm32f0xx_misc.c           0x00000000   Number         0  stm32f0xx_misc.o ABSOLUTE
    ..\\LIB\\src\\stm32f0xx_rcc.c            0x00000000   Number         0  stm32f0xx_rcc.o ABSOLUTE
    ..\\LIB\\src\\stm32f0xx_syscfg.c         0x00000000   Number         0  stm32f0xx_syscfg.o ABSOLUTE
    ..\\LIB\\src\\stm32f0xx_tim.c            0x00000000   Number         0  stm32f0xx_tim.o ABSOLUTE
    ..\\LIB\\src\\stm32f0xx_usart.c          0x00000000   Number         0  stm32f0xx_usart.o ABSOLUTE
    ..\\USER\\BSP.c                          0x00000000   Number         0  bsp.o ABSOLUTE
    ..\\USER\\main.c                         0x00000000   Number         0  main.o ABSOLUTE
    dc.s                                     0x00000000   Number         0  dc.o ABSOLUTE
    RESET                                    0x08000000   Section      180  startup_stm32f030.o(RESET)
    !!!main                                  0x080000b4   Section        8  __main.o(!!!main)
    !!!scatter                               0x080000bc   Section       60  __scatter.o(!!!scatter)
    !!handler_zi                             0x080000f8   Section       28  __scatter_zi.o(!!handler_zi)
    .ARM.Collect$$libinit$$00000000          0x08000114   Section        2  libinit.o(.ARM.Collect$$libinit$$00000000)
    .ARM.Collect$$libinit$$00000002          0x08000116   Section        0  libinit2.o(.ARM.Collect$$libinit$$00000002)
    .ARM.Collect$$libinit$$00000004          0x08000116   Section        0  libinit2.o(.ARM.Collect$$libinit$$00000004)
    .ARM.Collect$$libinit$$0000000A          0x08000116   Section        0  libinit2.o(.ARM.Collect$$libinit$$0000000A)
    .ARM.Collect$$libinit$$0000000C          0x08000116   Section        0  libinit2.o(.ARM.Collect$$libinit$$0000000C)
    .ARM.Collect$$libinit$$0000000E          0x08000116   Section        0  libinit2.o(.ARM.Collect$$libinit$$0000000E)
    .ARM.Collect$$libinit$$00000011          0x08000116   Section        0  libinit2.o(.ARM.Collect$$libinit$$00000011)
    .ARM.Collect$$libinit$$00000013          0x08000116   Section        0  libinit2.o(.ARM.Collect$$libinit$$00000013)
    .ARM.Collect$$libinit$$00000015          0x08000116   Section        0  libinit2.o(.ARM.Collect$$libinit$$00000015)
    .ARM.Collect$$libinit$$00000017          0x08000116   Section        0  libinit2.o(.ARM.Collect$$libinit$$00000017)
    .ARM.Collect$$libinit$$00000019          0x08000116   Section        0  libinit2.o(.ARM.Collect$$libinit$$00000019)
    .ARM.Collect$$libinit$$0000001B          0x08000116   Section        0  libinit2.o(.ARM.Collect$$libinit$$0000001B)
    .ARM.Collect$$libinit$$0000001D          0x08000116   Section        0  libinit2.o(.ARM.Collect$$libinit$$0000001D)
    .ARM.Collect$$libinit$$0000001F          0x08000116   Section        0  libinit2.o(.ARM.Collect$$libinit$$0000001F)
    .ARM.Collect$$libinit$$00000021          0x08000116   Section        0  libinit2.o(.ARM.Collect$$libinit$$00000021)
    .ARM.Collect$$libinit$$00000023          0x08000116   Section        0  libinit2.o(.ARM.Collect$$libinit$$00000023)
    .ARM.Collect$$libinit$$00000025          0x08000116   Section        0  libinit2.o(.ARM.Collect$$libinit$$00000025)
    .ARM.Collect$$libinit$$0000002C          0x08000116   Section        0  libinit2.o(.ARM.Collect$$libinit$$0000002C)
    .ARM.Collect$$libinit$$0000002E          0x08000116   Section        0  libinit2.o(.ARM.Collect$$libinit$$0000002E)
    .ARM.Collect$$libinit$$00000030          0x08000116   Section        0  libinit2.o(.ARM.Collect$$libinit$$00000030)
    .ARM.Collect$$libinit$$00000032          0x08000116   Section        0  libinit2.o(.ARM.Collect$$libinit$$00000032)
    .ARM.Collect$$libinit$$00000033          0x08000116   Section        2  libinit2.o(.ARM.Collect$$libinit$$00000033)
    .ARM.Collect$$libshutdown$$00000000      0x08000118   Section        2  libshutdown.o(.ARM.Collect$$libshutdown$$00000000)
    .ARM.Collect$$libshutdown$$00000002      0x0800011a   Section        0  libshutdown2.o(.ARM.Collect$$libshutdown$$00000002)
    .ARM.Collect$$libshutdown$$00000004      0x0800011a   Section        0  libshutdown2.o(.ARM.Collect$$libshutdown$$00000004)
    .ARM.Collect$$libshutdown$$00000007      0x0800011a   Section        0  libshutdown2.o(.ARM.Collect$$libshutdown$$00000007)
    .ARM.Collect$$libshutdown$$0000000A      0x0800011a   Section        0  libshutdown2.o(.ARM.Collect$$libshutdown$$0000000A)
    .ARM.Collect$$libshutdown$$0000000C      0x0800011a   Section        0  libshutdown2.o(.ARM.Collect$$libshutdown$$0000000C)
    .ARM.Collect$$libshutdown$$0000000F      0x0800011a   Section        0  libshutdown2.o(.ARM.Collect$$libshutdown$$0000000F)
    .ARM.Collect$$libshutdown$$00000010      0x0800011a   Section        2  libshutdown2.o(.ARM.Collect$$libshutdown$$00000010)
    .ARM.Collect$$rtentry$$00000000          0x0800011c   Section        0  __rtentry.o(.ARM.Collect$$rtentry$$00000000)
    .ARM.Collect$$rtentry$$00000002          0x0800011c   Section        0  __rtentry2.o(.ARM.Collect$$rtentry$$00000002)
    .ARM.Collect$$rtentry$$00000004          0x0800011c   Section        6  __rtentry4.o(.ARM.Collect$$rtentry$$00000004)
    .ARM.Collect$$rtentry$$00000009          0x08000122   Section        0  __rtentry2.o(.ARM.Collect$$rtentry$$00000009)
    .ARM.Collect$$rtentry$$0000000A          0x08000122   Section        4  __rtentry2.o(.ARM.Collect$$rtentry$$0000000A)
    .ARM.Collect$$rtentry$$0000000C          0x08000126   Section        0  __rtentry2.o(.ARM.Collect$$rtentry$$0000000C)
    .ARM.Collect$$rtentry$$0000000D          0x08000126   Section        8  __rtentry2.o(.ARM.Collect$$rtentry$$0000000D)
    .ARM.Collect$$rtexit$$00000000           0x0800012e   Section        2  rtexit.o(.ARM.Collect$$rtexit$$00000000)
    .ARM.Collect$$rtexit$$00000002           0x08000130   Section        0  rtexit2.o(.ARM.Collect$$rtexit$$00000002)
    .ARM.Collect$$rtexit$$00000003           0x08000130   Section        4  rtexit2.o(.ARM.Collect$$rtexit$$00000003)
    .ARM.Collect$$rtexit$$00000004           0x08000134   Section        6  rtexit2.o(.ARM.Collect$$rtexit$$00000004)
    .text                                    0x0800013c   Section      116  startup_stm32f030.o(.text)
    .text                                    0x080001b0   Section      346  aeabi_sdiv.o(.text)
    .text                                    0x0800030a   Section        0  heapauxi.o(.text)
    .text                                    0x08000310   Section        0  daddsub.o(.text)
    _dadd1                                   0x08000311   Thumb Code   290  daddsub.o(.text)
    _dsub1                                   0x08000433   Thumb Code   470  daddsub.o(.text)
    .text                                    0x08000668   Section        0  dfixi.o(.text)
    .text                                    0x080006d4   Section        0  f2d.o(.text)
    .text                                    0x08000728   Section        0  fdiv.o(.text)
    .text                                    0x08000888   Section        0  fflti.o(.text)
    .text                                    0x080008e6   Section       62  sys_stackheap_outer.o(.text)
    .text                                    0x08000924   Section        0  exit.o(.text)
    .text                                    0x08000934   Section        8  libspace.o(.text)
    .text                                    0x0800093c   Section        0  sys_exit.o(.text)
    .text                                    0x08000948   Section        2  use_no_semi.o(.text)
    .text                                    0x0800094a   Section        0  __dclz77c.o(.text)
    .text                                    0x0800094a   Section        0  indicate_semi.o(.text)
    i.BSP_Bee                                0x080009ac   Section        0  bsp.o(i.BSP_Bee)
    i.BSP_GPIO_Init                          0x080009cc   Section        0  bsp.o(i.BSP_GPIO_Init)
    i.BSP_Init                               0x08000b74   Section        0  bsp.o(i.BSP_Init)
    i.DataMain2Setting                       0x08000bc0   Section        0  main.o(i.DataMain2Setting)
    i.DataSetting2Main                       0x08000c8c   Section        0  main.o(i.DataSetting2Main)
    i.ElectronicScaleGetData                 0x08000d0c   Section        0  electronicscaledriver.o(i.ElectronicScaleGetData)
    i.FLASH_ClearFlag                        0x08000da0   Section        0  stm32f0xx_flash.o(i.FLASH_ClearFlag)
    i.FLASH_ErasePage                        0x08000dac   Section        0  stm32f0xx_flash.o(i.FLASH_ErasePage)
    i.FLASH_GetStatus                        0x08000df8   Section        0  stm32f0xx_flash.o(i.FLASH_GetStatus)
    i.FLASH_Lock                             0x08000e34   Section        0  stm32f0xx_flash.o(i.FLASH_Lock)
    i.FLASH_ProgramWord                      0x08000e48   Section        0  stm32f0xx_flash.o(i.FLASH_ProgramWord)
    i.FLASH_Unlock                           0x08000eb4   Section        0  stm32f0xx_flash.o(i.FLASH_Unlock)
    i.FLASH_WaitForLastOperation             0x08000ed8   Section        0  stm32f0xx_flash.o(i.FLASH_WaitForLastOperation)
    i.GPIO_Init                              0x08000f00   Section        0  stm32f0xx_gpio.o(i.GPIO_Init)
    i.GPIO_PinAFConfig                       0x08000f90   Section        0  stm32f0xx_gpio.o(i.GPIO_PinAFConfig)
    i.GPIO_ReadInputDataBit                  0x08000fd4   Section        0  stm32f0xx_gpio.o(i.GPIO_ReadInputDataBit)
    i.GPIO_ResetBits                         0x08000fe8   Section        0  stm32f0xx_gpio.o(i.GPIO_ResetBits)
    i.GPIO_SetBits                           0x08000fec   Section        0  stm32f0xx_gpio.o(i.GPIO_SetBits)
    i.GPIO_WriteBit                          0x08000ff0   Section        0  stm32f0xx_gpio.o(i.GPIO_WriteBit)
    i.GetFootSwitch                          0x08000ffc   Section        0  bsp.o(i.GetFootSwitch)
    i.GetKey                                 0x08001010   Section        0  bsp.o(i.GetKey)
    i.GetWeight                              0x0800106c   Section        0  main.o(i.GetWeight)
    i.HardFault_Handler                      0x0800109c   Section        0  stm32f0xx_it.o(i.HardFault_Handler)
    i.LCD7565_FullFill                       0x080010a0   Section        0  lx12864b_driver.o(i.LCD7565_FullFill)
    i.LCD_Init                               0x080010de   Section        0  lx12864b_driver.o(i.LCD_Init)
    i.LcmPutBlackChar                        0x08001194   Section        0  lx12864b_driver.o(i.LcmPutBlackChar)
    i.LcmPutChar                             0x0800123c   Section        0  lx12864b_driver.o(i.LcmPutChar)
    i.LcmPutChineseBlackChar                 0x080012dc   Section        0  lx12864b_driver.o(i.LcmPutChineseBlackChar)
    i.LcmPutChineseChar                      0x08001384   Section        0  lx12864b_driver.o(i.LcmPutChineseChar)
    i.LcmPutChineseStr                       0x08001424   Section        0  lx12864b_driver.o(i.LcmPutChineseStr)
    i.LcmPutChineseTurnChar                  0x0800145a   Section        0  lx12864b_driver.o(i.LcmPutChineseTurnChar)
    i.LcmPutNum                              0x08001480   Section        0  lx12864b_driver.o(i.LcmPutNum)
    i.LcmPutNum2                             0x0800151a   Section        0  lx12864b_driver.o(i.LcmPutNum2)
    i.LcmPutTurnChar                         0x08001580   Section        0  lx12864b_driver.o(i.LcmPutTurnChar)
    i.MY_ReadInputDataBit                    0x080015a6   Section        0  bsp.o(i.MY_ReadInputDataBit)
    i.MainDataInit                           0x080015e0   Section        0  main.o(i.MainDataInit)
    i.NMI_Handler                            0x080016d4   Section        0  stm32f0xx_it.o(i.NMI_Handler)
    i.NVIC_Init                              0x080016d8   Section        0  stm32f0xx_misc.o(i.NVIC_Init)
    i.NVIC_SetPriority                       0x08001748   Section        0  bsp.o(i.NVIC_SetPriority)
    NVIC_SetPriority                         0x08001749   Thumb Code   110  bsp.o(i.NVIC_SetPriority)
    i.PendSV_Handler                         0x080017c0   Section        0  stm32f0xx_it.o(i.PendSV_Handler)
    i.RCC_AHBPeriphClockCmd                  0x080017c4   Section        0  stm32f0xx_rcc.o(i.RCC_AHBPeriphClockCmd)
    i.RCC_APB1PeriphClockCmd                 0x080017e4   Section        0  stm32f0xx_rcc.o(i.RCC_APB1PeriphClockCmd)
    i.RCC_APB2PeriphClockCmd                 0x08001804   Section        0  stm32f0xx_rcc.o(i.RCC_APB2PeriphClockCmd)
    i.ST7565_IO_Delay                        0x08001824   Section        0  lx12864b_driver.o(i.ST7565_IO_Delay)
    i.ST7565_Write                           0x08001832   Section        0  lx12864b_driver.o(i.ST7565_Write)
    i.SVC_Handler                            0x080018dc   Section        0  stm32f0xx_it.o(i.SVC_Handler)
    i.ScaleInit                              0x080018de   Section        0  electronicscaledriver.o(i.ScaleInit)
    i.ScaleSetToZero                         0x080018f8   Section        0  electronicscaledriver.o(i.ScaleSetToZero)
    i.SetKeyOutput                           0x08001924   Section        0  bsp.o(i.SetKeyOutput)
    i.SetSysClock                            0x0800196c   Section        0  system_stm32f0xx.o(i.SetSysClock)
    SetSysClock                              0x0800196d   Thumb Code   206  system_stm32f0xx.o(i.SetSysClock)
    i.SysTick_Handler                        0x08001a44   Section        0  stm32f0xx_it.o(i.SysTick_Handler)
    i.SystemInit                             0x08001a54   Section        0  system_stm32f0xx.o(i.SystemInit)
    i.TIM1_CC_IRQHandler                     0x08001ad0   Section        0  stm32f0xx_it.o(i.TIM1_CC_IRQHandler)
    i.TIM_ARRPreloadConfig                   0x08001afc   Section        0  stm32f0xx_tim.o(i.TIM_ARRPreloadConfig)
    i.TIM_ClearITPendingBit                  0x08001b18   Section        0  stm32f0xx_tim.o(i.TIM_ClearITPendingBit)
    i.TIM_Cmd                                0x08001b20   Section        0  stm32f0xx_tim.o(i.TIM_Cmd)
    i.TIM_GetITStatus                        0x08001b3c   Section        0  stm32f0xx_tim.o(i.TIM_GetITStatus)
    i.TIM_ITConfig                           0x08001b62   Section        0  stm32f0xx_tim.o(i.TIM_ITConfig)
    i.TIM_OC1Init                            0x08001b78   Section        0  stm32f0xx_tim.o(i.TIM_OC1Init)
    i.TIM_OC1PreloadConfig                   0x08001c0c   Section        0  stm32f0xx_tim.o(i.TIM_OC1PreloadConfig)
    i.TIM_OC3Init                            0x08001c24   Section        0  stm32f0xx_tim.o(i.TIM_OC3Init)
    i.TIM_OC4Init                            0x08001cbc   Section        0  stm32f0xx_tim.o(i.TIM_OC4Init)
    i.TIM_SetCompare3                        0x08001d2c   Section        0  stm32f0xx_tim.o(i.TIM_SetCompare3)
    i.TIM_SetCompare4                        0x08001d30   Section        0  stm32f0xx_tim.o(i.TIM_SetCompare4)
    i.TIM_TimeBaseInit                       0x08001d34   Section        0  stm32f0xx_tim.o(i.TIM_TimeBaseInit)
    i.UpdateScaleData                        0x08001db0   Section        0  electronicscaledriver.o(i.UpdateScaleData)
    i.WaterPumpControl                       0x08001e84   Section        0  main.o(i.WaterPumpControl)
    i.__ARM_common_switch8                   0x08001eb0   Section        0  main.o(i.__ARM_common_switch8)
    i.bsp_TIM_Init                           0x08001ecc   Section        0  bsp.o(i.bsp_TIM_Init)
    i.bsp_delayms                            0x08001fc0   Section        0  bsp.o(i.bsp_delayms)
    i.display                                0x08001fd8   Section        0  lx12864b_driver.o(i.display)
    i.main                                   0x0800201c   Section        0  main.o(i.main)
    i.writec                                 0x08002fb4   Section        0  lx12864b_driver.o(i.writec)
    i.writed                                 0x08002fc2   Section        0  lx12864b_driver.o(i.writed)
    x$fpl$fadd                               0x08002fd0   Section      140  faddsub.o(x$fpl$fadd)
    _fadd1                                   0x08002fdd   Thumb Code     0  faddsub.o(x$fpl$fadd)
    x$fpl$fsub                               0x0800305c   Section      208  faddsub.o(x$fpl$fsub)
    _fsub1                                   0x08003069   Thumb Code     0  faddsub.o(x$fpl$fsub)
    .constdata                               0x0800312c   Section       64  fdiv.o(.constdata)
    x$fpl$usenofp                            0x0800312c   Section        0  usenofp.o(x$fpl$usenofp)
    fdiv_tab                                 0x0800312c   Data          64  fdiv.o(.constdata)
    .data                                    0x20000000   Section       20  system_stm32f0xx.o(.data)
    .data                                    0x20000014   Section     1896  lx12864b_driver.o(.data)
    .data                                    0x2000077c   Section        8  electronicscaledriver.o(.data)
    .data                                    0x20000784   Section      148  main.o(.data)
    .bss                                     0x20000818   Section       38  main.o(.bss)
    .bss                                     0x20000840   Section       16  bsp.o(.bss)
    .bss                                     0x20000850   Section       96  libspace.o(.bss)
    HEAP                                     0x200008b0   Section      512  startup_stm32f030.o(HEAP)
    Heap_Mem                                 0x200008b0   Data         512  startup_stm32f030.o(HEAP)
    STACK                                    0x20000ab0   Section     1024  startup_stm32f030.o(STACK)
    Stack_Mem                                0x20000ab0   Data        1024  startup_stm32f030.o(STACK)
    __initial_sp                             0x20000eb0   Data           0  startup_stm32f030.o(STACK)

    Global Symbols

    Symbol Name                              Value     Ov Type        Size  Object(Section)

    BuildAttributes$$THM_ISAv3M$S$PE$A:L22$X:L11$S22$IEEE1$IW$USESV6$~STKCKD$USESV7$~SHL$OSPACE$ROPI$EBA8$UX$STANDARDLIB$REQ8$PRES8$EABIv2 0x00000000   Number         0  anon$$obj.o ABSOLUTE
    __ARM_use_no_argv                        0x00000000   Number         0  main.o ABSOLUTE
    __ARM_exceptions_init                     - Undefined Weak Reference
    __alloca_initialize                       - Undefined Weak Reference
    __arm_preinit_                            - Undefined Weak Reference
    __cpp_initialize__aeabi_                  - Undefined Weak Reference
    __cxa_finalize                            - Undefined Weak Reference
    __rt_locale                               - Undefined Weak Reference
    __sigvec_lookup                           - Undefined Weak Reference
    _atexit_init                              - Undefined Weak Reference
    _call_atexit_fns                          - Undefined Weak Reference
    _clock_init                               - Undefined Weak Reference
    _fp_trap_init                             - Undefined Weak Reference
    _fp_trap_shutdown                         - Undefined Weak Reference
    _get_lc_collate                           - Undefined Weak Reference
    _get_lc_ctype                             - Undefined Weak Reference
    _get_lc_monetary                          - Undefined Weak Reference
    _get_lc_numeric                           - Undefined Weak Reference
    _get_lc_time                              - Undefined Weak Reference
    _getenv_init                              - Undefined Weak Reference
    _handle_redirection                       - Undefined Weak Reference
    _init_alloc                               - Undefined Weak Reference
    _init_user_alloc                          - Undefined Weak Reference
    _initio                                   - Undefined Weak Reference
    _rand_init                                - Undefined Weak Reference
    _signal_finish                            - Undefined Weak Reference
    _signal_init                              - Undefined Weak Reference
    _terminate_alloc                          - Undefined Weak Reference
    _terminate_user_alloc                     - Undefined Weak Reference
    _terminateio                              - Undefined Weak Reference
    __Vectors_Size                           0x000000b4   Number         0  startup_stm32f030.o ABSOLUTE
    __Vectors                                0x08000000   Data           4  startup_stm32f030.o(RESET)
    __Vectors_End                            0x080000b4   Data           0  startup_stm32f030.o(RESET)
    __main                                   0x080000b5   Thumb Code     8  __main.o(!!!main)
    __scatterload                            0x080000bd   Thumb Code     0  __scatter.o(!!!scatter)
    __scatterload_rt2                        0x080000bd   Thumb Code    52  __scatter.o(!!!scatter)
    __scatterload_rt2_thumb_only             0x080000bd   Thumb Code     0  __scatter.o(!!!scatter)
    __scatterload_null                       0x080000cd   Thumb Code     0  __scatter.o(!!!scatter)
    __scatterload_zeroinit                   0x080000f9   Thumb Code    28  __scatter_zi.o(!!handler_zi)
    __rt_lib_init                            0x08000115   Thumb Code     0  libinit.o(.ARM.Collect$$libinit$$00000000)
    __rt_lib_init_alloca_1                   0x08000117   Thumb Code     0  libinit2.o(.ARM.Collect$$libinit$$0000002E)
    __rt_lib_init_argv_1                     0x08000117   Thumb Code     0  libinit2.o(.ARM.Collect$$libinit$$0000002C)
    __rt_lib_init_atexit_1                   0x08000117   Thumb Code     0  libinit2.o(.ARM.Collect$$libinit$$0000001B)
    __rt_lib_init_clock_1                    0x08000117   Thumb Code     0  libinit2.o(.ARM.Collect$$libinit$$00000021)
    __rt_lib_init_cpp_1                      0x08000117   Thumb Code     0  libinit2.o(.ARM.Collect$$libinit$$00000032)
    __rt_lib_init_exceptions_1               0x08000117   Thumb Code     0  libinit2.o(.ARM.Collect$$libinit$$00000030)
    __rt_lib_init_fp_1                       0x08000117   Thumb Code     0  libinit2.o(.ARM.Collect$$libinit$$00000002)
    __rt_lib_init_fp_trap_1                  0x08000117   Thumb Code     0  libinit2.o(.ARM.Collect$$libinit$$0000001F)
    __rt_lib_init_getenv_1                   0x08000117   Thumb Code     0  libinit2.o(.ARM.Collect$$libinit$$00000023)
    __rt_lib_init_heap_1                     0x08000117   Thumb Code     0  libinit2.o(.ARM.Collect$$libinit$$0000000A)
    __rt_lib_init_lc_collate_1               0x08000117   Thumb Code     0  libinit2.o(.ARM.Collect$$libinit$$00000011)
    __rt_lib_init_lc_ctype_1                 0x08000117   Thumb Code     0  libinit2.o(.ARM.Collect$$libinit$$00000013)
    __rt_lib_init_lc_monetary_1              0x08000117   Thumb Code     0  libinit2.o(.ARM.Collect$$libinit$$00000015)
    __rt_lib_init_lc_numeric_1               0x08000117   Thumb Code     0  libinit2.o(.ARM.Collect$$libinit$$00000017)
    __rt_lib_init_lc_time_1                  0x08000117   Thumb Code     0  libinit2.o(.ARM.Collect$$libinit$$00000019)
    __rt_lib_init_preinit_1                  0x08000117   Thumb Code     0  libinit2.o(.ARM.Collect$$libinit$$00000004)
    __rt_lib_init_rand_1                     0x08000117   Thumb Code     0  libinit2.o(.ARM.Collect$$libinit$$0000000E)
    __rt_lib_init_return                     0x08000117   Thumb Code     0  libinit2.o(.ARM.Collect$$libinit$$00000033)
    __rt_lib_init_signal_1                   0x08000117   Thumb Code     0  libinit2.o(.ARM.Collect$$libinit$$0000001D)
    __rt_lib_init_stdio_1                    0x08000117   Thumb Code     0  libinit2.o(.ARM.Collect$$libinit$$00000025)
    __rt_lib_init_user_alloc_1               0x08000117   Thumb Code     0  libinit2.o(.ARM.Collect$$libinit$$0000000C)
    __rt_lib_shutdown                        0x08000119   Thumb Code     0  libshutdown.o(.ARM.Collect$$libshutdown$$00000000)
    __rt_lib_shutdown_cpp_1                  0x0800011b   Thumb Code     0  libshutdown2.o(.ARM.Collect$$libshutdown$$00000002)
    __rt_lib_shutdown_fp_trap_1              0x0800011b   Thumb Code     0  libshutdown2.o(.ARM.Collect$$libshutdown$$00000007)
    __rt_lib_shutdown_heap_1                 0x0800011b   Thumb Code     0  libshutdown2.o(.ARM.Collect$$libshutdown$$0000000F)
    __rt_lib_shutdown_return                 0x0800011b   Thumb Code     0  libshutdown2.o(.ARM.Collect$$libshutdown$$00000010)
    __rt_lib_shutdown_signal_1               0x0800011b   Thumb Code     0  libshutdown2.o(.ARM.Collect$$libshutdown$$0000000A)
    __rt_lib_shutdown_stdio_1                0x0800011b   Thumb Code     0  libshutdown2.o(.ARM.Collect$$libshutdown$$00000004)
    __rt_lib_shutdown_user_alloc_1           0x0800011b   Thumb Code     0  libshutdown2.o(.ARM.Collect$$libshutdown$$0000000C)
    __rt_entry                               0x0800011d   Thumb Code     0  __rtentry.o(.ARM.Collect$$rtentry$$00000000)
    __rt_entry_presh_1                       0x0800011d   Thumb Code     0  __rtentry2.o(.ARM.Collect$$rtentry$$00000002)
    __rt_entry_sh                            0x0800011d   Thumb Code     0  __rtentry4.o(.ARM.Collect$$rtentry$$00000004)
    __rt_entry_li                            0x08000123   Thumb Code     0  __rtentry2.o(.ARM.Collect$$rtentry$$0000000A)
    __rt_entry_postsh_1                      0x08000123   Thumb Code     0  __rtentry2.o(.ARM.Collect$$rtentry$$00000009)
    __rt_entry_main                          0x08000127   Thumb Code     0  __rtentry2.o(.ARM.Collect$$rtentry$$0000000D)
    __rt_entry_postli_1                      0x08000127   Thumb Code     0  __rtentry2.o(.ARM.Collect$$rtentry$$0000000C)
    __rt_exit                                0x0800012f   Thumb Code     0  rtexit.o(.ARM.Collect$$rtexit$$00000000)
    __rt_exit_ls                             0x08000131   Thumb Code     0  rtexit2.o(.ARM.Collect$$rtexit$$00000003)
    __rt_exit_prels_1                        0x08000131   Thumb Code     0  rtexit2.o(.ARM.Collect$$rtexit$$00000002)
    __rt_exit_exit                           0x08000135   Thumb Code     0  rtexit2.o(.ARM.Collect$$rtexit$$00000004)
    Reset_Handler                            0x0800013d   Thumb Code    38  startup_stm32f030.o(.text)
    ADC1_IRQHandler                          0x0800016d   Thumb Code     0  startup_stm32f030.o(.text)
    DMA1_Channel1_IRQHandler                 0x0800016d   Thumb Code     0  startup_stm32f030.o(.text)
    DMA1_Channel2_3_IRQHandler               0x0800016d   Thumb Code     0  startup_stm32f030.o(.text)
    DMA1_Channel4_5_IRQHandler               0x0800016d   Thumb Code     0  startup_stm32f030.o(.text)
    EXTI0_1_IRQHandler                       0x0800016d   Thumb Code     0  startup_stm32f030.o(.text)
    EXTI2_3_IRQHandler                       0x0800016d   Thumb Code     0  startup_stm32f030.o(.text)
    EXTI4_15_IRQHandler                      0x0800016d   Thumb Code     0  startup_stm32f030.o(.text)
    FLASH_IRQHandler                         0x0800016d   Thumb Code     0  startup_stm32f030.o(.text)
    I2C1_IRQHandler                          0x0800016d   Thumb Code     0  startup_stm32f030.o(.text)
    I2C2_IRQHandler                          0x0800016d   Thumb Code     0  startup_stm32f030.o(.text)
    RCC_IRQHandler                           0x0800016d   Thumb Code     0  startup_stm32f030.o(.text)
    RTC_IRQHandler                           0x0800016d   Thumb Code     0  startup_stm32f030.o(.text)
    SPI1_IRQHandler                          0x0800016d   Thumb Code     0  startup_stm32f030.o(.text)
    SPI2_IRQHandler                          0x0800016d   Thumb Code     0  startup_stm32f030.o(.text)
    TIM14_IRQHandler                         0x0800016d   Thumb Code     0  startup_stm32f030.o(.text)
    TIM15_IRQHandler                         0x0800016d   Thumb Code     0  startup_stm32f030.o(.text)
    TIM16_IRQHandler                         0x0800016d   Thumb Code     0  startup_stm32f030.o(.text)
    TIM17_IRQHandler                         0x0800016d   Thumb Code     0  startup_stm32f030.o(.text)
    TIM1_BRK_UP_TRG_COM_IRQHandler           0x0800016d   Thumb Code     0  startup_stm32f030.o(.text)
    TIM3_IRQHandler                          0x0800016d   Thumb Code     0  startup_stm32f030.o(.text)
    USART1_IRQHandler                        0x0800016d   Thumb Code     0  startup_stm32f030.o(.text)
    USART2_IRQHandler                        0x0800016d   Thumb Code     0  startup_stm32f030.o(.text)
    WWDG_IRQHandler                          0x0800016d   Thumb Code     0  startup_stm32f030.o(.text)
    __user_initial_stackheap                 0x08000171   Thumb Code     0  startup_stm32f030.o(.text)
    __aeabi_uidiv                            0x080001b1   Thumb Code     0  aeabi_sdiv.o(.text)
    __aeabi_uidivmod                         0x080001b1   Thumb Code    20  aeabi_sdiv.o(.text)
    __aeabi_idiv                             0x080001c5   Thumb Code     0  aeabi_sdiv.o(.text)
    __aeabi_idivmod                          0x080001c5   Thumb Code   326  aeabi_sdiv.o(.text)
    __use_two_region_memory                  0x0800030b   Thumb Code     2  heapauxi.o(.text)
    __rt_heap_escrow$2region                 0x0800030d   Thumb Code     2  heapauxi.o(.text)
    __rt_heap_expand$2region                 0x0800030f   Thumb Code     2  heapauxi.o(.text)
    __aeabi_dadd                             0x08000609   Thumb Code     0  daddsub.o(.text)
    _dadd                                    0x08000609   Thumb Code    26  daddsub.o(.text)
    __aeabi_dsub                             0x08000623   Thumb Code     0  daddsub.o(.text)
    _dsub                                    0x08000623   Thumb Code    22  daddsub.o(.text)
    __aeabi_drsub                            0x08000639   Thumb Code     0  daddsub.o(.text)
    _drsb                                    0x08000639   Thumb Code    28  daddsub.o(.text)
    __aeabi_d2iz                             0x08000669   Thumb Code     0  dfixi.o(.text)
    _dfix                                    0x08000669   Thumb Code    98  dfixi.o(.text)
    __aeabi_f2d                              0x080006d5   Thumb Code     0  f2d.o(.text)
    _f2d                                     0x080006d5   Thumb Code    80  f2d.o(.text)
    __aeabi_fdiv                             0x08000729   Thumb Code     0  fdiv.o(.text)
    _fdiv                                    0x08000729   Thumb Code   334  fdiv.o(.text)
    _frdiv                                   0x08000877   Thumb Code     8  fdiv.o(.text)
    __aeabi_i2f_normalise                    0x08000889   Thumb Code    72  fflti.o(.text)
    __aeabi_i2f                              0x080008d1   Thumb Code    16  fflti.o(.text)
    _fflt                                    0x080008d1   Thumb Code     0  fflti.o(.text)
    __aeabi_ui2f                             0x080008e1   Thumb Code     6  fflti.o(.text)
    _ffltu                                   0x080008e1   Thumb Code     0  fflti.o(.text)
    __user_setup_stackheap                   0x080008e7   Thumb Code    62  sys_stackheap_outer.o(.text)
    exit                                     0x08000925   Thumb Code    16  exit.o(.text)
    __user_libspace                          0x08000935   Thumb Code     8  libspace.o(.text)
    __user_perproc_libspace                  0x08000935   Thumb Code     0  libspace.o(.text)
    __user_perthread_libspace                0x08000935   Thumb Code     0  libspace.o(.text)
    _sys_exit                                0x0800093d   Thumb Code     8  sys_exit.o(.text)
    __I$use$semihosting                      0x08000949   Thumb Code     0  use_no_semi.o(.text)
    __use_no_semihosting_swi                 0x08000949   Thumb Code     2  use_no_semi.o(.text)
    __decompress                             0x0800094b   Thumb Code     0  __dclz77c.o(.text)
    __decompress2                            0x0800094b   Thumb Code    96  __dclz77c.o(.text)
    __semihosting_library_function           0x0800094b   Thumb Code     0  indicate_semi.o(.text)
    BSP_Bee                                  0x080009ad   Thumb Code    26  bsp.o(i.BSP_Bee)
    BSP_GPIO_Init                            0x080009cd   Thumb Code   420  bsp.o(i.BSP_GPIO_Init)
    BSP_Init                                 0x08000b75   Thumb Code    62  bsp.o(i.BSP_Init)
    DataMain2Setting                         0x08000bc1   Thumb Code   188  main.o(i.DataMain2Setting)
    DataSetting2Main                         0x08000c8d   Thumb Code   110  main.o(i.DataSetting2Main)
    ElectronicScaleGetData                   0x08000d0d   Thumb Code   146  electronicscaledriver.o(i.ElectronicScaleGetData)
    FLASH_ClearFlag                          0x08000da1   Thumb Code     6  stm32f0xx_flash.o(i.FLASH_ClearFlag)
    FLASH_ErasePage                          0x08000dad   Thumb Code    72  stm32f0xx_flash.o(i.FLASH_ErasePage)
    FLASH_GetStatus                          0x08000df9   Thumb Code    54  stm32f0xx_flash.o(i.FLASH_GetStatus)
    FLASH_Lock                               0x08000e35   Thumb Code    14  stm32f0xx_flash.o(i.FLASH_Lock)
    FLASH_ProgramWord                        0x08000e49   Thumb Code   104  stm32f0xx_flash.o(i.FLASH_ProgramWord)
    FLASH_Unlock                             0x08000eb5   Thumb Code    24  stm32f0xx_flash.o(i.FLASH_Unlock)
    FLASH_WaitForLastOperation               0x08000ed9   Thumb Code    40  stm32f0xx_flash.o(i.FLASH_WaitForLastOperation)
    GPIO_Init                                0x08000f01   Thumb Code   144  stm32f0xx_gpio.o(i.GPIO_Init)
    GPIO_PinAFConfig                         0x08000f91   Thumb Code    68  stm32f0xx_gpio.o(i.GPIO_PinAFConfig)
    GPIO_ReadInputDataBit                    0x08000fd5   Thumb Code    20  stm32f0xx_gpio.o(i.GPIO_ReadInputDataBit)
    GPIO_ResetBits                           0x08000fe9   Thumb Code     4  stm32f0xx_gpio.o(i.GPIO_ResetBits)
    GPIO_SetBits                             0x08000fed   Thumb Code     4  stm32f0xx_gpio.o(i.GPIO_SetBits)
    GPIO_WriteBit                            0x08000ff1   Thumb Code    12  stm32f0xx_gpio.o(i.GPIO_WriteBit)
    GetFootSwitch                            0x08000ffd   Thumb Code    20  bsp.o(i.GetFootSwitch)
    GetKey                                   0x08001011   Thumb Code    86  bsp.o(i.GetKey)
    GetWeight                                0x0800106d   Thumb Code    40  main.o(i.GetWeight)
    HardFault_Handler                        0x0800109d   Thumb Code     4  stm32f0xx_it.o(i.HardFault_Handler)
    LCD7565_FullFill                         0x080010a1   Thumb Code    62  lx12864b_driver.o(i.LCD7565_FullFill)
    LCD_Init                                 0x080010df   Thumb Code   180  lx12864b_driver.o(i.LCD_Init)
    LcmPutBlackChar                          0x08001195   Thumb Code   160  lx12864b_driver.o(i.LcmPutBlackChar)
    LcmPutChar                               0x0800123d   Thumb Code   152  lx12864b_driver.o(i.LcmPutChar)
    LcmPutChineseBlackChar                   0x080012dd   Thumb Code   160  lx12864b_driver.o(i.LcmPutChineseBlackChar)
    LcmPutChineseChar                        0x08001385   Thumb Code   152  lx12864b_driver.o(i.LcmPutChineseChar)
    LcmPutChineseStr                         0x08001425   Thumb Code    54  lx12864b_driver.o(i.LcmPutChineseStr)
    LcmPutChineseTurnChar                    0x0800145b   Thumb Code    38  lx12864b_driver.o(i.LcmPutChineseTurnChar)
    LcmPutNum                                0x08001481   Thumb Code   154  lx12864b_driver.o(i.LcmPutNum)
    LcmPutNum2                               0x0800151b   Thumb Code   102  lx12864b_driver.o(i.LcmPutNum2)
    LcmPutTurnChar                           0x08001581   Thumb Code    38  lx12864b_driver.o(i.LcmPutTurnChar)
    MY_ReadInputDataBit                      0x080015a7   Thumb Code    56  bsp.o(i.MY_ReadInputDataBit)
    MainDataInit                             0x080015e1   Thumb Code   222  main.o(i.MainDataInit)
    NMI_Handler                              0x080016d5   Thumb Code     2  stm32f0xx_it.o(i.NMI_Handler)
    NVIC_Init                                0x080016d9   Thumb Code   106  stm32f0xx_misc.o(i.NVIC_Init)
    PendSV_Handler                           0x080017c1   Thumb Code     2  stm32f0xx_it.o(i.PendSV_Handler)
    RCC_AHBPeriphClockCmd                    0x080017c5   Thumb Code    28  stm32f0xx_rcc.o(i.RCC_AHBPeriphClockCmd)
    RCC_APB1PeriphClockCmd                   0x080017e5   Thumb Code    28  stm32f0xx_rcc.o(i.RCC_APB1PeriphClockCmd)
    RCC_APB2PeriphClockCmd                   0x08001805   Thumb Code    28  stm32f0xx_rcc.o(i.RCC_APB2PeriphClockCmd)
    ST7565_IO_Delay                          0x08001825   Thumb Code    14  lx12864b_driver.o(i.ST7565_IO_Delay)
    ST7565_Write                             0x08001833   Thumb Code   170  lx12864b_driver.o(i.ST7565_Write)
    SVC_Handler                              0x080018dd   Thumb Code     2  stm32f0xx_it.o(i.SVC_Handler)
    ScaleInit                                0x080018df   Thumb Code    26  electronicscaledriver.o(i.ScaleInit)
    ScaleSetToZero                           0x080018f9   Thumb Code    38  electronicscaledriver.o(i.ScaleSetToZero)
    SetKeyOutput                             0x08001925   Thumb Code    68  bsp.o(i.SetKeyOutput)
    SysTick_Handler                          0x08001a45   Thumb Code    12  stm32f0xx_it.o(i.SysTick_Handler)
    SystemInit                               0x08001a55   Thumb Code   110  system_stm32f0xx.o(i.SystemInit)
    TIM1_CC_IRQHandler                       0x08001ad1   Thumb Code    34  stm32f0xx_it.o(i.TIM1_CC_IRQHandler)
    TIM_ARRPreloadConfig                     0x08001afd   Thumb Code    24  stm32f0xx_tim.o(i.TIM_ARRPreloadConfig)
    TIM_ClearITPendingBit                    0x08001b19   Thumb Code     6  stm32f0xx_tim.o(i.TIM_ClearITPendingBit)
    TIM_Cmd                                  0x08001b21   Thumb Code    24  stm32f0xx_tim.o(i.TIM_Cmd)
    TIM_GetITStatus                          0x08001b3d   Thumb Code    38  stm32f0xx_tim.o(i.TIM_GetITStatus)
    TIM_ITConfig                             0x08001b63   Thumb Code    20  stm32f0xx_tim.o(i.TIM_ITConfig)
    TIM_OC1Init                              0x08001b79   Thumb Code   122  stm32f0xx_tim.o(i.TIM_OC1Init)
    TIM_OC1PreloadConfig                     0x08001c0d   Thumb Code    20  stm32f0xx_tim.o(i.TIM_OC1PreloadConfig)
    TIM_OC3Init                              0x08001c25   Thumb Code   124  stm32f0xx_tim.o(i.TIM_OC3Init)
    TIM_OC4Init                              0x08001cbd   Thumb Code    88  stm32f0xx_tim.o(i.TIM_OC4Init)
    TIM_SetCompare3                          0x08001d2d   Thumb Code     4  stm32f0xx_tim.o(i.TIM_SetCompare3)
    TIM_SetCompare4                          0x08001d31   Thumb Code     4  stm32f0xx_tim.o(i.TIM_SetCompare4)
    TIM_TimeBaseInit                         0x08001d35   Thumb Code    90  stm32f0xx_tim.o(i.TIM_TimeBaseInit)
    UpdateScaleData                          0x08001db1   Thumb Code   200  electronicscaledriver.o(i.UpdateScaleData)
    WaterPumpControl                         0x08001e85   Thumb Code    38  main.o(i.WaterPumpControl)
    __ARM_common_switch8                     0x08001eb1   Thumb Code    28  main.o(i.__ARM_common_switch8)
    bsp_TIM_Init                             0x08001ecd   Thumb Code   228  bsp.o(i.bsp_TIM_Init)
    bsp_delayms                              0x08001fc1   Thumb Code    18  bsp.o(i.bsp_delayms)
    display                                  0x08001fd9   Thumb Code    68  lx12864b_driver.o(i.display)
    main                                     0x0800201d   Thumb Code  3922  main.o(i.main)
    writec                                   0x08002fb5   Thumb Code    14  lx12864b_driver.o(i.writec)
    writed                                   0x08002fc3   Thumb Code    14  lx12864b_driver.o(i.writed)
    __aeabi_fadd                             0x08002fd1   Thumb Code     0  faddsub.o(x$fpl$fadd)
    _fadd                                    0x08002fd1   Thumb Code   134  faddsub.o(x$fpl$fadd)
    __aeabi_fsub                             0x0800305d   Thumb Code     0  faddsub.o(x$fpl$fsub)
    _fsub                                    0x0800305d   Thumb Code   204  faddsub.o(x$fpl$fsub)
    __I$use$fp                               0x0800312c   Number         0  usenofp.o(x$fpl$usenofp)
    Region$$Table$$Base                      0x0800316c   Number         0  anon$$obj.o(Region$$Table)
    Region$$Table$$Limit                     0x0800318c   Number         0  anon$$obj.o(Region$$Table)
    SystemCoreClock                          0x20000000   Data           4  system_stm32f0xx.o(.data)
    AHBPrescTable                            0x20000004   Data          16  system_stm32f0xx.o(.data)
    ComTable                                 0x20000014   Data           8  lx12864b_driver.o(.data)
    Chinesechardot                           0x2000001c   Data        1536  lx12864b_driver.o(.data)
    ASCIIchardot                             0x2000061c   Data         352  lx12864b_driver.o(.data)
    Scale_Data                               0x2000077c   Data           8  electronicscaledriver.o(.data)
    WELCOME_DisplayLine_1                    0x20000784   Data           3  main.o(.data)
    WELCOME_DisplayLine_2                    0x20000787   Data           8  main.o(.data)
    WELCOME_DisplayLine_3                    0x2000078f   Data           3  main.o(.data)
    USERMENU_DisplayLine_1                   0x20000792   Data           4  main.o(.data)
    USERMENU_DisplayLine_2                   0x20000796   Data           4  main.o(.data)
    USERMENU_DisplayLine_3                   0x2000079a   Data           4  main.o(.data)
    USERMENU_DisplayLine_4                   0x2000079e   Data           4  main.o(.data)
    SETTING_DisplayLine_1                    0x200007a2   Data           6  main.o(.data)
    SETTING_DisplayLine_2                    0x200007a8   Data           4  main.o(.data)
    SETTING_DisplayLine_3                    0x200007ac   Data           4  main.o(.data)
    SETTING_DisplayLine_4                    0x200007b0   Data           8  main.o(.data)
    SETTING_DisplayLine_5                    0x200007b8   Data           5  main.o(.data)
    WARNING_DisplayLine_1                    0x200007bd   Data           6  main.o(.data)
    WARNING_DisplayLine_2                    0x200007c3   Data           2  main.o(.data)
    WARNING_DisplayLine_3                    0x200007c5   Data           7  main.o(.data)
    WARNING_DisplayLine_4                    0x200007cc   Data           6  main.o(.data)
    WEIGHTCLE_DisplayLine_1                  0x200007d2   Data           4  main.o(.data)
    WEIGHTCLE_DisplayLine_2                  0x200007d6   Data           4  main.o(.data)
    mark                                     0x200007da   Data           1  main.o(.data)
    FootMark                                 0x200007db   Data           1  main.o(.data)
    BlackMark                                0x200007dc   Data           1  main.o(.data)
    sDataTemp                                0x200007e0   Data           4  main.o(.data)
    ST_InputPointer                          0x200007e4   Data           1  main.o(.data)
    i                                        0x200007e6   Data           2  main.o(.data)
    Counter_j                                0x200007e8   Data           2  main.o(.data)
    BotleFillUpPID_P                         0x200007ea   Data           2  main.o(.data)
    FillUpHoldCounter                        0x200007ec   Data           1  main.o(.data)
    BottleFillUp_Err                         0x200007ee   Data           2  main.o(.data)
    SpeedOutput                              0x200007f0   Data           2  main.o(.data)
    EndUpTime                                0x200007f4   Data           4  main.o(.data)
    TimeDispCache                            0x200007f8   Data           4  main.o(.data)
    WeightCache                              0x200007fc   Data           4  main.o(.data)
    StateCache                               0x20000800   Data           1  main.o(.data)
    ScaleDataTemp                            0x20000804   Data           4  main.o(.data)
    ScaleData100Temp                         0x20000808   Data           4  main.o(.data)
    SignLongDataTemp                         0x2000080c   Data           4  main.o(.data)
    SystemKTemp                              0x20000810   Data           2  main.o(.data)
    SystemDataStoreAddr                      0x20000814   Data           4  main.o(.data)
    maindata                                 0x20000818   Data          28  main.o(.bss)
    settingdata                              0x20000834   Data          10  main.o(.bss)
    bspdata                                  0x20000840   Data          16  bsp.o(.bss)
    __libspace_start                         0x20000850   Data          96  libspace.o(.bss)
    __temporary_stack_top$libspace           0x200008b0   Data           0  libspace.o(.bss)



==============================================================================

Memory Map of the image

  Image Entry point : 0x080000b5

  Load Region LR_IROM1 (Base: 0x08000000, Size: 0x000039a4, Max: 0x00004000, ABSOLUTE, COMPRESSED[0x0000377c])

    Execution Region ER_IROM1 (Exec base: 0x08000000, Load base: 0x08000000, Size: 0x0000318c, Max: 0x00004000, ABSOLUTE)

    Exec Addr    Load Addr    Size         Type   Attr      Idx    E Section Name        Object

    0x08000000   0x08000000   0x000000b4   Data   RO          130    RESET               startup_stm32f030.o
    0x080000b4   0x080000b4   0x00000008   Code   RO         2177  * !!!main             c_p.l(__main.o)
    0x080000bc   0x080000bc   0x0000003c   Code   RO         2366    !!!scatter          c_p.l(__scatter.o)
    0x080000f8   0x080000f8   0x0000001c   Code   RO         2368    !!handler_zi        c_p.l(__scatter_zi.o)
    0x08000114   0x08000114   0x00000002   Code   RO         2233    .ARM.Collect$$libinit$$00000000  c_p.l(libinit.o)
    0x08000116   0x08000116   0x00000000   Code   RO         2247    .ARM.Collect$$libinit$$00000002  c_p.l(libinit2.o)
    0x08000116   0x08000116   0x00000000   Code   RO         2249    .ARM.Collect$$libinit$$00000004  c_p.l(libinit2.o)
    0x08000116   0x08000116   0x00000000   Code   RO         2252    .ARM.Collect$$libinit$$0000000A  c_p.l(libinit2.o)
    0x08000116   0x08000116   0x00000000   Code   RO         2254    .ARM.Collect$$libinit$$0000000C  c_p.l(libinit2.o)
    0x08000116   0x08000116   0x00000000   Code   RO         2256    .ARM.Collect$$libinit$$0000000E  c_p.l(libinit2.o)
    0x08000116   0x08000116   0x00000000   Code   RO         2259    .ARM.Collect$$libinit$$00000011  c_p.l(libinit2.o)
    0x08000116   0x08000116   0x00000000   Code   RO         2261    .ARM.Collect$$libinit$$00000013  c_p.l(libinit2.o)
    0x08000116   0x08000116   0x00000000   Code   RO         2263    .ARM.Collect$$libinit$$00000015  c_p.l(libinit2.o)
    0x08000116   0x08000116   0x00000000   Code   RO         2265    .ARM.Collect$$libinit$$00000017  c_p.l(libinit2.o)
    0x08000116   0x08000116   0x00000000   Code   RO         2267    .ARM.Collect$$libinit$$00000019  c_p.l(libinit2.o)
    0x08000116   0x08000116   0x00000000   Code   RO         2269    .ARM.Collect$$libinit$$0000001B  c_p.l(libinit2.o)
    0x08000116   0x08000116   0x00000000   Code   RO         2271    .ARM.Collect$$libinit$$0000001D  c_p.l(libinit2.o)
    0x08000116   0x08000116   0x00000000   Code   RO         2273    .ARM.Collect$$libinit$$0000001F  c_p.l(libinit2.o)
    0x08000116   0x08000116   0x00000000   Code   RO         2275    .ARM.Collect$$libinit$$00000021  c_p.l(libinit2.o)
    0x08000116   0x08000116   0x00000000   Code   RO         2277    .ARM.Collect$$libinit$$00000023  c_p.l(libinit2.o)
    0x08000116   0x08000116   0x00000000   Code   RO         2279    .ARM.Collect$$libinit$$00000025  c_p.l(libinit2.o)
    0x08000116   0x08000116   0x00000000   Code   RO         2283    .ARM.Collect$$libinit$$0000002C  c_p.l(libinit2.o)
    0x08000116   0x08000116   0x00000000   Code   RO         2285    .ARM.Collect$$libinit$$0000002E  c_p.l(libinit2.o)
    0x08000116   0x08000116   0x00000000   Code   RO         2287    .ARM.Collect$$libinit$$00000030  c_p.l(libinit2.o)
    0x08000116   0x08000116   0x00000000   Code   RO         2289    .ARM.Collect$$libinit$$00000032  c_p.l(libinit2.o)
    0x08000116   0x08000116   0x00000002   Code   RO         2290    .ARM.Collect$$libinit$$00000033  c_p.l(libinit2.o)
    0x08000118   0x08000118   0x00000002   Code   RO         2321    .ARM.Collect$$libshutdown$$00000000  c_p.l(libshutdown.o)
    0x0800011a   0x0800011a   0x00000000   Code   RO         2347    .ARM.Collect$$libshutdown$$00000002  c_p.l(libshutdown2.o)
    0x0800011a   0x0800011a   0x00000000   Code   RO         2349    .ARM.Collect$$libshutdown$$00000004  c_p.l(libshutdown2.o)
    0x0800011a   0x0800011a   0x00000000   Code   RO         2352    .ARM.Collect$$libshutdown$$00000007  c_p.l(libshutdown2.o)
    0x0800011a   0x0800011a   0x00000000   Code   RO         2355    .ARM.Collect$$libshutdown$$0000000A  c_p.l(libshutdown2.o)
    0x0800011a   0x0800011a   0x00000000   Code   RO         2357    .ARM.Collect$$libshutdown$$0000000C  c_p.l(libshutdown2.o)
    0x0800011a   0x0800011a   0x00000000   Code   RO         2360    .ARM.Collect$$libshutdown$$0000000F  c_p.l(libshutdown2.o)
    0x0800011a   0x0800011a   0x00000002   Code   RO         2361    .ARM.Collect$$libshutdown$$00000010  c_p.l(libshutdown2.o)
    0x0800011c   0x0800011c   0x00000000   Code   RO         2196    .ARM.Collect$$rtentry$$00000000  c_p.l(__rtentry.o)
    0x0800011c   0x0800011c   0x00000000   Code   RO         2203    .ARM.Collect$$rtentry$$00000002  c_p.l(__rtentry2.o)
    0x0800011c   0x0800011c   0x00000006   Code   RO         2215    .ARM.Collect$$rtentry$$00000004  c_p.l(__rtentry4.o)
    0x08000122   0x08000122   0x00000000   Code   RO         2205    .ARM.Collect$$rtentry$$00000009  c_p.l(__rtentry2.o)
    0x08000122   0x08000122   0x00000004   Code   RO         2206    .ARM.Collect$$rtentry$$0000000A  c_p.l(__rtentry2.o)
    0x08000126   0x08000126   0x00000000   Code   RO         2208    .ARM.Collect$$rtentry$$0000000C  c_p.l(__rtentry2.o)
    0x08000126   0x08000126   0x00000008   Code   RO         2209    .ARM.Collect$$rtentry$$0000000D  c_p.l(__rtentry2.o)
    0x0800012e   0x0800012e   0x00000002   Code   RO         2238    .ARM.Collect$$rtexit$$00000000  c_p.l(rtexit.o)
    0x08000130   0x08000130   0x00000000   Code   RO         2294    .ARM.Collect$$rtexit$$00000002  c_p.l(rtexit2.o)
    0x08000130   0x08000130   0x00000004   Code   RO         2295    .ARM.Collect$$rtexit$$00000003  c_p.l(rtexit2.o)
    0x08000134   0x08000134   0x00000006   Code   RO         2296    .ARM.Collect$$rtexit$$00000004  c_p.l(rtexit2.o)
    0x0800013a   0x0800013a   0x00000002   PAD
    0x0800013c   0x0800013c   0x00000074   Code   RO          131    .text               startup_stm32f030.o
    0x080001b0   0x080001b0   0x0000015a   Code   RO         2171    .text               c_p.l(aeabi_sdiv.o)
    0x0800030a   0x0800030a   0x00000006   Code   RO         2175    .text               c_p.l(heapauxi.o)
    0x08000310   0x08000310   0x00000358   Code   RO         2179    .text               fz_ps.l(daddsub.o)
    0x08000668   0x08000668   0x0000006c   Code   RO         2181    .text               fz_ps.l(dfixi.o)
    0x080006d4   0x080006d4   0x00000054   Code   RO         2183    .text               fz_ps.l(f2d.o)
    0x08000728   0x08000728   0x00000160   Code   RO         2191    .text               fz_ps.l(fdiv.o)
    0x08000888   0x08000888   0x0000005e   Code   RO         2194    .text               fz_ps.l(fflti.o)
    0x080008e6   0x080008e6   0x0000003e   Code   RO         2219    .text               c_p.l(sys_stackheap_outer.o)
    0x08000924   0x08000924   0x00000010   Code   RO         2222    .text               c_p.l(exit.o)
    0x08000934   0x08000934   0x00000008   Code   RO         2234    .text               c_p.l(libspace.o)
    0x0800093c   0x0800093c   0x0000000c   Code   RO         2291    .text               c_p.l(sys_exit.o)
    0x08000948   0x08000948   0x00000002   Code   RO         2310    .text               c_p.l(use_no_semi.o)
    0x0800094a   0x0800094a   0x00000000   Code   RO         2312    .text               c_p.l(indicate_semi.o)
    0x0800094a   0x0800094a   0x00000060   Code   RO         2364    .text               c_p.l(__dclz77c.o)
    0x080009aa   0x080009aa   0x00000002   PAD
    0x080009ac   0x080009ac   0x00000020   Code   RO         2089    i.BSP_Bee           bsp.o
    0x080009cc   0x080009cc   0x000001a8   Code   RO         2090    i.BSP_GPIO_Init     bsp.o
    0x08000b74   0x08000b74   0x0000004c   Code   RO         2091    i.BSP_Init          bsp.o
    0x08000bc0   0x08000bc0   0x000000cc   Code   RO         2026    i.DataMain2Setting  main.o
    0x08000c8c   0x08000c8c   0x00000080   Code   RO         2027    i.DataSetting2Main  main.o
    0x08000d0c   0x08000d0c   0x00000092   Code   RO          360    i.ElectronicScaleGetData  electronicscaledriver.o
    0x08000d9e   0x08000d9e   0x00000002   PAD
    0x08000da0   0x08000da0   0x0000000c   Code   RO         1826    i.FLASH_ClearFlag   stm32f0xx_flash.o
    0x08000dac   0x08000dac   0x0000004c   Code   RO         1828    i.FLASH_ErasePage   stm32f0xx_flash.o
    0x08000df8   0x08000df8   0x0000003c   Code   RO         1831    i.FLASH_GetStatus   stm32f0xx_flash.o
    0x08000e34   0x08000e34   0x00000014   Code   RO         1833    i.FLASH_Lock        stm32f0xx_flash.o
    0x08000e48   0x08000e48   0x0000006c   Code   RO         1853    i.FLASH_ProgramWord  stm32f0xx_flash.o
    0x08000eb4   0x08000eb4   0x00000024   Code   RO         1855    i.FLASH_Unlock      stm32f0xx_flash.o
    0x08000ed8   0x08000ed8   0x00000028   Code   RO         1856    i.FLASH_WaitForLastOperation  stm32f0xx_flash.o
    0x08000f00   0x08000f00   0x00000090   Code   RO         1049    i.GPIO_Init         stm32f0xx_gpio.o
    0x08000f90   0x08000f90   0x00000044   Code   RO         1050    i.GPIO_PinAFConfig  stm32f0xx_gpio.o
    0x08000fd4   0x08000fd4   0x00000014   Code   RO         1053    i.GPIO_ReadInputDataBit  stm32f0xx_gpio.o
    0x08000fe8   0x08000fe8   0x00000004   Code   RO         1056    i.GPIO_ResetBits    stm32f0xx_gpio.o
    0x08000fec   0x08000fec   0x00000004   Code   RO         1057    i.GPIO_SetBits      stm32f0xx_gpio.o
    0x08000ff0   0x08000ff0   0x0000000c   Code   RO         1060    i.GPIO_WriteBit     stm32f0xx_gpio.o
    0x08000ffc   0x08000ffc   0x00000014   Code   RO         2092    i.GetFootSwitch     bsp.o
    0x08001010   0x08001010   0x0000005c   Code   RO         2093    i.GetKey            bsp.o
    0x0800106c   0x0800106c   0x00000030   Code   RO         2028    i.GetWeight         main.o
    0x0800109c   0x0800109c   0x00000004   Code   RO          137    i.HardFault_Handler  stm32f0xx_it.o
    0x080010a0   0x080010a0   0x0000003e   Code   RO          220    i.LCD7565_FullFill  lx12864b_driver.o
    0x080010de   0x080010de   0x000000b4   Code   RO          221    i.LCD_Init          lx12864b_driver.o
    0x08001192   0x08001192   0x00000002   PAD
    0x08001194   0x08001194   0x000000a8   Code   RO          222    i.LcmPutBlackChar   lx12864b_driver.o
    0x0800123c   0x0800123c   0x000000a0   Code   RO          224    i.LcmPutChar        lx12864b_driver.o
    0x080012dc   0x080012dc   0x000000a8   Code   RO          225    i.LcmPutChineseBlackChar  lx12864b_driver.o
    0x08001384   0x08001384   0x000000a0   Code   RO          226    i.LcmPutChineseChar  lx12864b_driver.o
    0x08001424   0x08001424   0x00000036   Code   RO          227    i.LcmPutChineseStr  lx12864b_driver.o
    0x0800145a   0x0800145a   0x00000026   Code   RO          228    i.LcmPutChineseTurnChar  lx12864b_driver.o
    0x08001480   0x08001480   0x0000009a   Code   RO          229    i.LcmPutNum         lx12864b_driver.o
    0x0800151a   0x0800151a   0x00000066   Code   RO          230    i.LcmPutNum2        lx12864b_driver.o
    0x08001580   0x08001580   0x00000026   Code   RO          233    i.LcmPutTurnChar    lx12864b_driver.o
    0x080015a6   0x080015a6   0x00000038   Code   RO         2094    i.MY_ReadInputDataBit  bsp.o
    0x080015de   0x080015de   0x00000002   PAD
    0x080015e0   0x080015e0   0x000000f4   Code   RO         2029    i.MainDataInit      main.o
    0x080016d4   0x080016d4   0x00000002   Code   RO          138    i.NMI_Handler       stm32f0xx_it.o
    0x080016d6   0x080016d6   0x00000002   PAD
    0x080016d8   0x080016d8   0x00000070   Code   RO         1226    i.NVIC_Init         stm32f0xx_misc.o
    0x08001748   0x08001748   0x00000078   Code   RO         2095    i.NVIC_SetPriority  bsp.o
    0x080017c0   0x080017c0   0x00000002   Code   RO          139    i.PendSV_Handler    stm32f0xx_it.o
    0x080017c2   0x080017c2   0x00000002   PAD
    0x080017c4   0x080017c4   0x00000020   Code   RO          405    i.RCC_AHBPeriphClockCmd  stm32f0xx_rcc.o
    0x080017e4   0x080017e4   0x00000020   Code   RO          407    i.RCC_APB1PeriphClockCmd  stm32f0xx_rcc.o
    0x08001804   0x08001804   0x00000020   Code   RO          409    i.RCC_APB2PeriphClockCmd  stm32f0xx_rcc.o
    0x08001824   0x08001824   0x0000000e   Code   RO          234    i.ST7565_IO_Delay   lx12864b_driver.o
    0x08001832   0x08001832   0x000000aa   Code   RO          235    i.ST7565_Write      lx12864b_driver.o
    0x080018dc   0x080018dc   0x00000002   Code   RO          140    i.SVC_Handler       stm32f0xx_it.o
    0x080018de   0x080018de   0x0000001a   Code   RO          361    i.ScaleInit         electronicscaledriver.o
    0x080018f8   0x080018f8   0x0000002c   Code   RO          362    i.ScaleSetToZero    electronicscaledriver.o
    0x08001924   0x08001924   0x00000048   Code   RO         2096    i.SetKeyOutput      bsp.o
    0x0800196c   0x0800196c   0x000000d8   Code   RO            3    i.SetSysClock       system_stm32f0xx.o
    0x08001a44   0x08001a44   0x00000010   Code   RO          141    i.SysTick_Handler   stm32f0xx_it.o
    0x08001a54   0x08001a54   0x0000007c   Code   RO            5    i.SystemInit        system_stm32f0xx.o
    0x08001ad0   0x08001ad0   0x0000002c   Code   RO          142    i.TIM1_CC_IRQHandler  stm32f0xx_it.o
    0x08001afc   0x08001afc   0x0000001c   Code   RO         1262    i.TIM_ARRPreloadConfig  stm32f0xx_tim.o
    0x08001b18   0x08001b18   0x00000006   Code   RO         1269    i.TIM_ClearITPendingBit  stm32f0xx_tim.o
    0x08001b1e   0x08001b1e   0x00000002   PAD
    0x08001b20   0x08001b20   0x0000001c   Code   RO         1274    i.TIM_Cmd           stm32f0xx_tim.o
    0x08001b3c   0x08001b3c   0x00000026   Code   RO         1295    i.TIM_GetITStatus   stm32f0xx_tim.o
    0x08001b62   0x08001b62   0x00000014   Code   RO         1299    i.TIM_ITConfig      stm32f0xx_tim.o
    0x08001b76   0x08001b76   0x00000002   PAD
    0x08001b78   0x08001b78   0x00000094   Code   RO         1303    i.TIM_OC1Init       stm32f0xx_tim.o
    0x08001c0c   0x08001c0c   0x00000018   Code   RO         1306    i.TIM_OC1PreloadConfig  stm32f0xx_tim.o
    0x08001c24   0x08001c24   0x00000098   Code   RO         1313    i.TIM_OC3Init       stm32f0xx_tim.o
    0x08001cbc   0x08001cbc   0x00000070   Code   RO         1318    i.TIM_OC4Init       stm32f0xx_tim.o
    0x08001d2c   0x08001d2c   0x00000004   Code   RO         1339    i.TIM_SetCompare3   stm32f0xx_tim.o
    0x08001d30   0x08001d30   0x00000004   Code   RO         1340    i.TIM_SetCompare4   stm32f0xx_tim.o
    0x08001d34   0x08001d34   0x0000007c   Code   RO         1347    i.TIM_TimeBaseInit  stm32f0xx_tim.o
    0x08001db0   0x08001db0   0x000000d4   Code   RO          363    i.UpdateScaleData   electronicscaledriver.o
    0x08001e84   0x08001e84   0x0000002c   Code   RO         2030    i.WaterPumpControl  main.o
    0x08001eb0   0x08001eb0   0x0000001c   Code   RO         2075    i.__ARM_common_switch8  main.o
    0x08001ecc   0x08001ecc   0x000000f4   Code   RO         2097    i.bsp_TIM_Init      bsp.o
    0x08001fc0   0x08001fc0   0x00000018   Code   RO         2098    i.bsp_delayms       bsp.o
    0x08001fd8   0x08001fd8   0x00000044   Code   RO          236    i.display           lx12864b_driver.o
    0x0800201c   0x0800201c   0x00000f98   Code   RO         2031    i.main              main.o
    0x08002fb4   0x08002fb4   0x0000000e   Code   RO          238    i.writec            lx12864b_driver.o
    0x08002fc2   0x08002fc2   0x0000000e   Code   RO          239    i.writed            lx12864b_driver.o
    0x08002fd0   0x08002fd0   0x0000008c   Code   RO         2185    x$fpl$fadd          fz_ps.l(faddsub.o)
    0x0800305c   0x0800305c   0x000000d0   Code   RO         2187    x$fpl$fsub          fz_ps.l(faddsub.o)
    0x0800312c   0x0800312c   0x00000000   Code   RO         2201    x$fpl$usenofp       fz_ps.l(usenofp.o)
    0x0800312c   0x0800312c   0x00000040   Data   RO         2192    .constdata          fz_ps.l(fdiv.o)
    0x0800316c   0x0800316c   0x00000020   Data   RO         2362    Region$$Table       anon$$obj.o


    Execution Region RW_IRAM1 (Exec base: 0x20000000, Load base: 0x0800318c, Size: 0x00000eb0, Max: 0x00001000, ABSOLUTE, COMPRESSED[0x000005f0])

    Exec Addr    Load Addr    Size         Type   Attr      Idx    E Section Name        Object

    0x20000000   COMPRESSED   0x00000014   Data   RW            6    .data               system_stm32f0xx.o
    0x20000014   COMPRESSED   0x00000768   Data   RW          240    .data               lx12864b_driver.o
    0x2000077c   COMPRESSED   0x00000008   Data   RW          364    .data               electronicscaledriver.o
    0x20000784   COMPRESSED   0x00000094   Data   RW         2033    .data               main.o
    0x20000818        -       0x00000026   Zero   RW         2032    .bss                main.o
    0x2000083e   COMPRESSED   0x00000002   PAD
    0x20000840        -       0x00000010   Zero   RW         2099    .bss                bsp.o
    0x20000850        -       0x00000060   Zero   RW         2235    .bss                c_p.l(libspace.o)
    0x200008b0        -       0x00000200   Zero   RW          129    HEAP                startup_stm32f030.o
    0x20000ab0        -       0x00000400   Zero   RW          128    STACK               startup_stm32f030.o


==============================================================================

Image component sizes


      Code (inc. data)   RO Data    RW Data    ZI Data      Debug   Object Name

      1160         66          0          0         16      12166   bsp.o
       428         18          0          8          0       3169   electronicscaledriver.o
      1564         32          0       1896          0      11335   lx12864b_driver.o
      4688        356          0        148         38       8547   main.o
       116         56        180          0       1536        644   startup_stm32f030.o
       352         38          0          0          0       4083   stm32f0xx_flash.o
       252          0          0          0          0       3843   stm32f0xx_gpio.o
        70         14          0          0          0       3142   stm32f0xx_it.o
       112          6          0          0          0        852   stm32f0xx_misc.o
        96         12          0          0          0       1634   stm32f0xx_rcc.o
       688        124          0          0          0       7510   stm32f0xx_tim.o
       340         24          0         20          0     194473   system_stm32f0xx.o

    ----------------------------------------------------------------------
      9880        746        212       2072       1592     251398   Object Totals
         0          0         32          0          0          0   (incl. Generated)
        14          0          0          0          2          0   (incl. Padding)

    ----------------------------------------------------------------------

      Code (inc. data)   RO Data    RW Data    ZI Data      Debug   Library Member Name

        96          0          0          0          0          0   __dclz77c.o
         8          0          0          0          0         68   __main.o
         0          0          0          0          0          0   __rtentry.o
        12          0          0          0          0          0   __rtentry2.o
         6          0          0          0          0          0   __rtentry4.o
        60          8          0          0          0          0   __scatter.o
        28          0          0          0          0          0   __scatter_zi.o
       346          0          0          0          0         92   aeabi_sdiv.o
        16          0          0          0          0         68   exit.o
         6          0          0          0          0        136   heapauxi.o
         0          0          0          0          0          0   indicate_semi.o
         2          0          0          0          0          0   libinit.o
         2          0          0          0          0          0   libinit2.o
         2          0          0          0          0          0   libshutdown.o
         2          0          0          0          0          0   libshutdown2.o
         8          4          0          0         96         68   libspace.o
         2          0          0          0          0          0   rtexit.o
        10          0          0          0          0          0   rtexit2.o
        12          4          0          0          0         60   sys_exit.o
        62          0          0          0          0         80   sys_stackheap_outer.o
         2          0          0          0          0         68   use_no_semi.o
       856         20          0          0          0        208   daddsub.o
       108         10          0          0          0         72   dfixi.o
        84          4          0          0          0         60   f2d.o
       348          8          0          0          0        160   faddsub.o
       352         10         64          0          0         92   fdiv.o
        94          0          0          0          0         92   fflti.o
         0          0          0          0          0          0   usenofp.o

    ----------------------------------------------------------------------
      2528         68         64          0         96       1324   Library Totals
         4          0          0          0          0          0   (incl. Padding)

    ----------------------------------------------------------------------

      Code (inc. data)   RO Data    RW Data    ZI Data      Debug   Library Name

       682         16          0          0         96        640   c_p.l
      1842         52         64          0          0        684   fz_ps.l

    ----------------------------------------------------------------------
      2528         68         64          0         96       1324   Library Totals

    ----------------------------------------------------------------------

==============================================================================


      Code (inc. data)   RO Data    RW Data    ZI Data      Debug   

     12408        814        276       2072       1688     249134   Grand Totals
     12408        814        276       1520       1688     249134   ELF Image Totals (compressed)
     12408        814        276       1520          0          0   ROM Totals

==============================================================================

    Total RO  Size (Code + RO Data)                12684 (  12.39kB)
    Total RW  Size (RW Data + ZI Data)              3760 (   3.67kB)
    Total ROM Size (Code + RO Data + RW Data)      14204 (  13.87kB)

==============================================================================

