<html>
<body>
<pre>
<h1>礦ision Build Log</h1>
<h2>Tool Versions:</h2>
IDE-Version: μVision V5.31.0.0
Copyright (C) 2020 ARM Ltd and ARM Germany GmbH. All rights reserved.
License Information: chen zhizhao, USTB, LIC=8VRMM-X006Y-EV41R-KBEIG-10VQC-8ENJL
 
Tool Versions:
Toolchain:       MDK-ARM Plus  Version: 5.31.0.0
Toolchain Path:  C:\Keil_v5\ARM\ARMCC\Bin
C Compiler:      Armcc.exe V5.06 update 6 (build 750)
Assembler:       Armasm.exe V5.06 update 6 (build 750)
Linker/Locator:  ArmLink.exe V5.06 update 6 (build 750)
Library Manager: ArmAr.exe V5.06 update 6 (build 750)
Hex Converter:   FromElf.exe V5.06 update 6 (build 750)
CPU DLL:         SARMCM3.DLL V5.31.0.0
Dialog DLL:      DARMCM1.DLL V1.19.3.0
Target DLL:      STLink\ST-LINKIII-KEIL_SWO.dll V3.0.7.0
Dialog DLL:      TARMCM1.DLL V1.14.2.0
 
<h2>Project:</h2>
C:\Users\zhizhao\Desktop\大重量数控液体灌装机程序\PROJECT\myproject.uvprojx
Project File Date:  11/05/2020

<h2>Output:</h2>
*** Using Compiler 'V5.06 update 6 (build 750)', folder: 'C:\Keil_v5\ARM\ARMCC\Bin'
Build target 'MyProject'
compiling main.c...
..\DRIVER\ElectronicScaleDriver.h(28): warning:  #1-D: last line of file ends without a newline
  #endif
..\USER\main.c(137): warning:  #188-D: enumerated type mixed with another type
  		mark = GetKey();
..\USER\main.c(144): warning:  #188-D: enumerated type mixed with another type
  				mark = GetKey();
..\USER\main.c(153): warning:  #188-D: enumerated type mixed with another type
  				mark = GetKey();
..\USER\main.c(169): warning:  #188-D: enumerated type mixed with another type
  				mark = GetKey();
..\USER\main.c(179): warning:  #188-D: enumerated type mixed with another type
  				mark = GetKey();
..\USER\main.c(189): warning:  #188-D: enumerated type mixed with another type
  				mark = GetKey();
..\USER\main.c(219): warning:  #188-D: enumerated type mixed with another type
  				mark = GetKey();
..\USER\main.c(262): warning:  #188-D: enumerated type mixed with another type
  		mark = GetKey();
..\USER\main.c(268): warning:  #188-D: enumerated type mixed with another type
  				mark = GetKey();
..\USER\main.c(328): warning:  #188-D: enumerated type mixed with another type
  				mark = GetKey();
..\USER\main.c(338): warning:  #188-D: enumerated type mixed with another type
  				mark = GetKey();
..\USER\main.c(348): warning:  #188-D: enumerated type mixed with another type
  				mark = GetKey();
..\USER\main.c(377): warning:  #188-D: enumerated type mixed with another type
  				mark = GetKey();
..\USER\main.c(475): warning:  #188-D: enumerated type mixed with another type
  		mark = GetKey();
..\USER\main.c(483): warning:  #188-D: enumerated type mixed with another type
  				mark = GetKey();
..\USER\main.c(520): warning:  #188-D: enumerated type mixed with another type
  			mark = GetKey();
..\USER\main.c(528): warning:  #188-D: enumerated type mixed with another type
  					mark = GetKey();
..\USER\main.c(544): warning:  #188-D: enumerated type mixed with another type
  			mark = GetKey();
..\USER\main.c(552): warning:  #188-D: enumerated type mixed with another type
  					mark = GetKey();
..\USER\main.c(636): warning:  #188-D: enumerated type mixed with another type
  		mark = GetKey();
..\USER\main.c(641): warning:  #188-D: enumerated type mixed with another type
  				mark = GetKey();
..\USER\main.c(767): warning:  #1-D: last line of file ends without a newline
  }
..\USER\main.c: 23 warnings, 0 errors
linking...
Program Size: Code=12212 RO-data=276 RW-data=2044 ZI-data=1668  
FromELF: creating hex file...
".\Objects\WeighingFillMachine.axf" - 0 Error(s), 23 Warning(s).

<h2>Software Packages used:</h2>

Package Vendor: Keil
                http://www.keil.com/pack/Keil.STM32F0xx_DFP.2.0.0.pack
                Keil.STM32F0xx_DFP.2.0.0
                STMicroelectronics STM32F0 Series Device Support, Drivers and Examples

<h2>Collection of Component include folders:</h2>
  C:\Users\zhizhao\AppData\Local\Arm\Packs\Keil\STM32F0xx_DFP\2.0.0\Drivers\CMSIS\Device\ST\STM32F0xx\Include

<h2>Collection of Component Files used:</h2>
Build Time Elapsed:  00:00:02
</pre>
</body>
</html>
